Component: ARM Compiler 6.16 Tool: armlink [5dfeaa00]

==============================================================================

Section Cross References

    startup_armcm33.o(RESET) refers to startup_armcm33.o(STACK) for __initial_sp
    startup_armcm33.o(RESET) refers to startup_armcm33.o(.text) for Reset_Handler
    startup_armcm33.o(RESET) refers to watchdog.o(.text.NMI_Handler) for NMI_Handler
    startup_armcm33.o(RESET) refers to uart.o(.text.UART0_Handler) for UART0_Handler
    startup_armcm33.o(RESET) refers to uart.o(.text.UART1_Handler) for UART1_Handler
    startup_armcm33.o(RESET) refers to timer.o(.text.TIMER0_Handler) for TIMER0_Handler
    startup_armcm33.o(RESET) refers to timer.o(.text.TIMER1_Handler) for TIMER1_Handler
    startup_armcm33.o(RESET) refers to dualtimer.o(.text.DUALTIMER0_Handler) for DUALTIMER0_Handler
    startup_armcm33.o(RESET) refers to dualtimer.o(.text.DUALTIMER1_Handler) for DUALTIMER1_Handler
    startup_armcm33.o(RESET) refers to extint.o(.text.EXT15_Handler) for EXT15_Handler
    startup_armcm33.o(RESET) refers to gpio_interrupt.o(.text.PORT0_4_Handler) for PORT0_4_Handler
    startup_armcm33.o(RESET) refers to extint.o(.text.EXT0_Handler) for EXT0_Handler
    startup_armcm33.o(RESET) refers to uart.o(.text.UART2_Handler) for UART2_Handler
    startup_armcm33.o(.text) refers to startup_armcm33.o(STACK) for __stack_limit
    startup_armcm33.o(.text) refers to system_armcm33.o(.text.SystemInit) for SystemInit
    startup_armcm33.o(.text) refers to entry.o(.ARM.Collect$$$$00000000) for __main
    star_adc.o(.text.ADC_DeInit) refers to star_rcc.o(.text.RCC_APB1PeriphResetCmd) for RCC_APB1PeriphResetCmd
    star_adc.o(.ARM.exidx.text.ADC_DeInit) refers to star_adc.o(.text.ADC_DeInit) for [Anonymous Symbol]
    star_adc.o(.ARM.exidx.text.ADC_Init) refers to star_adc.o(.text.ADC_Init) for [Anonymous Symbol]
    star_adc.o(.ARM.exidx.text.ADC_StartConversion) refers to star_adc.o(.text.ADC_StartConversion) for [Anonymous Symbol]
    star_adc.o(.ARM.exidx.text.ADC_StopConversion) refers to star_adc.o(.text.ADC_StopConversion) for [Anonymous Symbol]
    star_adc.o(.ARM.exidx.text.ADC_EOCInterrupt_Config) refers to star_adc.o(.text.ADC_EOCInterrupt_Config) for [Anonymous Symbol]
    star_adc.o(.ARM.exidx.text.ADC_GetValueFromDR) refers to star_adc.o(.text.ADC_GetValueFromDR) for [Anonymous Symbol]
    star_adc.o(.ARM.exidx.text.ADC_GetValueFromDBR) refers to star_adc.o(.text.ADC_GetValueFromDBR) for [Anonymous Symbol]
    star_adc.o(.ARM.exidx.text.ADC_ExternalEventTrigConvConfig) refers to star_adc.o(.text.ADC_ExternalEventTrigConvConfig) for [Anonymous Symbol]
    star_adc.o(.ARM.exidx.text.ADC_InterruptEOCFlag_Clear) refers to star_adc.o(.text.ADC_InterruptEOCFlag_Clear) for [Anonymous Symbol]
    star_adc.o(.ARM.exidx.text.ADC_Get_BusyState) refers to star_adc.o(.text.ADC_Get_BusyState) for [Anonymous Symbol]
    star_adc.o(.ARM.exidx.text.ADC_Active_Set) refers to star_adc.o(.text.ADC_Active_Set) for [Anonymous Symbol]
    star_adc.o(.ARM.exidx.text.ADC_Get_DataBufferEnable_State) refers to star_adc.o(.text.ADC_Get_DataBufferEnable_State) for [Anonymous Symbol]
    star_dma.o(.ARM.exidx.text.DMA_Get_InterruptStatus) refers to star_dma.o(.text.DMA_Get_InterruptStatus) for [Anonymous Symbol]
    star_dma.o(.ARM.exidx.text.DMA_Get_TerminalCountStatus) refers to star_dma.o(.text.DMA_Get_TerminalCountStatus) for [Anonymous Symbol]
    star_dma.o(.ARM.exidx.text.DMA_Clear_TerminalCountInterrupt) refers to star_dma.o(.text.DMA_Clear_TerminalCountInterrupt) for [Anonymous Symbol]
    star_dma.o(.ARM.exidx.text.DMA_Get_InterruptErrorStatus) refers to star_dma.o(.text.DMA_Get_InterruptErrorStatus) for [Anonymous Symbol]
    star_dma.o(.ARM.exidx.text.DMA_Clear_InterruptError) refers to star_dma.o(.text.DMA_Clear_InterruptError) for [Anonymous Symbol]
    star_dma.o(.ARM.exidx.text.DMA_Get_RawInterruptTerminalCountStatus) refers to star_dma.o(.text.DMA_Get_RawInterruptTerminalCountStatus) for [Anonymous Symbol]
    star_dma.o(.ARM.exidx.text.DMA_Get_RawErrorInterruptStatus) refers to star_dma.o(.text.DMA_Get_RawErrorInterruptStatus) for [Anonymous Symbol]
    star_dma.o(.ARM.exidx.text.DMA_Get_EnableChannel) refers to star_dma.o(.text.DMA_Get_EnableChannel) for [Anonymous Symbol]
    star_dma.o(.ARM.exidx.text.DMA_Set_Configuration) refers to star_dma.o(.text.DMA_Set_Configuration) for [Anonymous Symbol]
    star_dma.o(.ARM.exidx.text.DMA_Set_SourceAddress) refers to star_dma.o(.text.DMA_Set_SourceAddress) for [Anonymous Symbol]
    star_dma.o(.ARM.exidx.text.DMA_Set_DestinationAddress) refers to star_dma.o(.text.DMA_Set_DestinationAddress) for [Anonymous Symbol]
    star_dma.o(.ARM.exidx.text.DMA_Set_LLI) refers to star_dma.o(.text.DMA_Set_LLI) for [Anonymous Symbol]
    star_dma.o(.ARM.exidx.text.DMA_Set_Increment) refers to star_dma.o(.text.DMA_Set_Increment) for [Anonymous Symbol]
[...]
    printf0.o(i.__0vprintf$0) refers to printf0.o(i._printf_core) for _printf_core
    printf0.o(i.__0vprintf$0) refers to star_retarget.o(.text.fputc) for fputc
    printf0.o(i.__0vprintf$0) refers to star_retarget.o(.bss.__stdout) for __stdout
    printf0.o(i.__0vsnprintf$0) refers to printf0.o(i._printf_core) for _printf_core
    printf0.o(i.__0vsnprintf$0) refers to printf0.o(i._snputc) for _snputc
    printf0.o(i.__0vsprintf$0) refers to printf0.o(i._printf_core) for _printf_core
    printf0.o(i.__0vsprintf$0) refers to printf0.o(i._sputc) for _sputc
    printf1.o(i.__0fprintf$1) refers to printf1.o(i._printf_core) for _printf_core
    printf1.o(i.__0fprintf$1) refers to star_retarget.o(.text.fputc) for fputc
    printf1.o(i.__0printf$1) refers to printf1.o(i._printf_core) for _printf_core
    printf1.o(i.__0printf$1) refers to star_retarget.o(.text.fputc) for fputc
    printf1.o(i.__0printf$1) refers to star_retarget.o(.bss.__stdout) for __stdout
    printf1.o(i.__0snprintf$1) refers to printf1.o(i._printf_core) for _printf_core
    printf1.o(i.__0snprintf$1) refers to printf1.o(i._snputc) for _snputc
    printf1.o(i.__0sprintf$1) refers to printf1.o(i._printf_core) for _printf_core
    printf1.o(i.__0sprintf$1) refers to printf1.o(i._sputc) for _sputc
    printf1.o(i.__0vfprintf$1) refers to printf1.o(i._printf_core) for _printf_core
    printf1.o(i.__0vfprintf$1) refers to star_retarget.o(.text.fputc) for fputc
    printf1.o(i.__0vprintf$1) refers to printf1.o(i._printf_core) for _printf_core
    printf1.o(i.__0vprintf$1) refers to star_retarget.o(.text.fputc) for fputc
    printf1.o(i.__0vprintf$1) refers to star_retarget.o(.bss.__stdout) for __stdout
    printf1.o(i.__0vsnprintf$1) refers to printf1.o(i._printf_core) for _printf_core
    printf1.o(i.__0vsnprintf$1) refers to printf1.o(i._snputc) for _snputc
    printf1.o(i.__0vsprintf$1) refers to printf1.o(i._printf_core) for _printf_core
    printf1.o(i.__0vsprintf$1) refers to printf1.o(i._sputc) for _sputc
    printf1.o(i._printf_core) refers to uidiv.o(.text) for __aeabi_uidivmod
    printf2.o(i.__0fprintf$2) refers to printf2.o(i._printf_core) for _printf_core
    printf2.o(i.__0fprintf$2) refers to star_retarget.o(.text.fputc) for fputc
    printf2.o(i.__0printf$2) refers to printf2.o(i._printf_core) for _printf_core
    printf2.o(i.__0printf$2) refers to star_retarget.o(.text.fputc) for fputc
    printf2.o(i.__0printf$2) refers to star_retarget.o(.bss.__stdout) for __stdout
    printf2.o(i.__0snprintf$2) refers to printf2.o(i._printf_core) for _printf_core
    printf2.o(i.__0snprintf$2) refers to printf2.o(i._snputc) for _snputc
    printf2.o(i.__0sprintf$2) refers to printf2.o(i._printf_core) for _printf_core
    printf2.o(i.__0sprintf$2) refers to printf2.o(i._sputc) for _sputc
    printf2.o(i.__0vfprintf$2) refers to printf2.o(i._printf_core) for _printf_core
    printf2.o(i.__0vfprintf$2) refers to star_retarget.o(.text.fputc) for fputc
    printf2.o(i.__0vprintf$2) refers to printf2.o(i._printf_core) for _printf_core
    printf2.o(i.__0vprintf$2) refers to star_retarget.o(.text.fputc) for fputc
    printf2.o(i.__0vprintf$2) refers to star_retarget.o(.bss.__stdout) for __stdout
    printf2.o(i.__0vsnprintf$2) refers to printf2.o(i._printf_core) for _printf_core
    printf2.o(i.__0vsnprintf$2) refers to printf2.o(i._snputc) for _snputc
    printf2.o(i.__0vsprintf$2) refers to printf2.o(i._printf_core) for _printf_core
    printf2.o(i.__0vsprintf$2) refers to printf2.o(i._sputc) for _sputc
    printf3.o(i.__0fprintf$3) refers to printf3.o(i._printf_core) for _printf_core
    printf3.o(i.__0fprintf$3) refers to star_retarget.o(.text.fputc) for fputc
    printf3.o(i.__0printf$3) refers to printf3.o(i._printf_core) for _printf_core
    printf3.o(i.__0printf$3) refers to star_retarget.o(.text.fputc) for fputc
    printf3.o(i.__0printf$3) refers to star_retarget.o(.bss.__stdout) for __stdout
    printf3.o(i.__0snprintf$3) refers to printf3.o(i._printf_core) for _printf_core
    printf3.o(i.__0snprintf$3) refers to printf3.o(i._snputc) for _snputc
    printf3.o(i.__0sprintf$3) refers to printf3.o(i._printf_core) for _printf_core
    printf3.o(i.__0sprintf$3) refers to printf3.o(i._sputc) for _sputc
    printf3.o(i.__0vfprintf$3) refers to printf3.o(i._printf_core) for _printf_core
    printf3.o(i.__0vfprintf$3) refers to star_retarget.o(.text.fputc) for fputc
    printf3.o(i.__0vprintf$3) refers to printf3.o(i._printf_core) for _printf_core
    printf3.o(i.__0vprintf$3) refers to star_retarget.o(.text.fputc) for fputc
    printf3.o(i.__0vprintf$3) refers to star_retarget.o(.bss.__stdout) for __stdout
    printf3.o(i.__0vsnprintf$3) refers to printf3.o(i._printf_core) for _printf_core
    printf3.o(i.__0vsnprintf$3) refers to printf3.o(i._snputc) for _snputc
    printf3.o(i.__0vsprintf$3) refers to printf3.o(i._printf_core) for _printf_core
    printf3.o(i.__0vsprintf$3) refers to printf3.o(i._sputc) for _sputc
    printf3.o(i._printf_core) refers to uidiv.o(.text) for __aeabi_uidivmod
    printf4.o(i.__0fprintf$4) refers to printf4.o(i._printf_core) for _printf_core
    printf4.o(i.__0fprintf$4) refers to star_retarget.o(.text.fputc) for fputc
    printf4.o(i.__0printf$4) refers to printf4.o(i._printf_core) for _printf_core
    printf4.o(i.__0printf$4) refers to star_retarget.o(.text.fputc) for fputc
    printf4.o(i.__0printf$4) refers to star_retarget.o(.bss.__stdout) for __stdout
    printf4.o(i.__0snprintf$4) refers to printf4.o(i._printf_core) for _printf_core
    printf4.o(i.__0snprintf$4) refers to printf4.o(i._snputc) for _snputc
    printf4.o(i.__0sprintf$4) refers to printf4.o(i._printf_core) for _printf_core
    printf4.o(i.__0sprintf$4) refers to printf4.o(i._sputc) for _sputc
    printf4.o(i.__0vfprintf$4) refers to printf4.o(i._printf_core) for _printf_core
    printf4.o(i.__0vfprintf$4) refers to star_retarget.o(.text.fputc) for fputc
    printf4.o(i.__0vprintf$4) refers to printf4.o(i._printf_core) for _printf_core
    printf4.o(i.__0vprintf$4) refers to star_retarget.o(.text.fputc) for fputc
    printf4.o(i.__0vprintf$4) refers to star_retarget.o(.bss.__stdout) for __stdout
    printf4.o(i.__0vsnprintf$4) refers to printf4.o(i._printf_core) for _printf_core
    printf4.o(i.__0vsnprintf$4) refers to printf4.o(i._snputc) for _snputc
    printf4.o(i.__0vsprintf$4) refers to printf4.o(i._printf_core) for _printf_core
    printf4.o(i.__0vsprintf$4) refers to printf4.o(i._sputc) for _sputc
    printf4.o(i._printf_core) refers to uldiv.o(.text) for __aeabi_uldivmod
    printf5.o(i.__0fprintf$5) refers to printf5.o(i._printf_core) for _printf_core
    printf5.o(i.__0fprintf$5) refers to star_retarget.o(.text.fputc) for fputc
    printf5.o(i.__0printf$5) refers to printf5.o(i._printf_core) for _printf_core
    printf5.o(i.__0printf$5) refers to star_retarget.o(.text.fputc) for fputc
    printf5.o(i.__0printf$5) refers to star_retarget.o(.bss.__stdout) for __stdout
    printf5.o(i.__0snprintf$5) refers to printf5.o(i._printf_core) for _printf_core
    printf5.o(i.__0snprintf$5) refers to printf5.o(i._snputc) for _snputc
    printf5.o(i.__0sprintf$5) refers to printf5.o(i._printf_core) for _printf_core
    printf5.o(i.__0sprintf$5) refers to printf5.o(i._sputc) for _sputc
    printf5.o(i.__0vfprintf$5) refers to printf5.o(i._printf_core) for _printf_core
    printf5.o(i.__0vfprintf$5) refers to star_retarget.o(.text.fputc) for fputc
    printf5.o(i.__0vprintf$5) refers to printf5.o(i._printf_core) for _printf_core
    printf5.o(i.__0vprintf$5) refers to star_retarget.o(.text.fputc) for fputc
    printf5.o(i.__0vprintf$5) refers to star_retarget.o(.bss.__stdout) for __stdout
    printf5.o(i.__0vsnprintf$5) refers to printf5.o(i._printf_core) for _printf_core
    printf5.o(i.__0vsnprintf$5) refers to printf5.o(i._snputc) for _snputc
    printf5.o(i.__0vsprintf$5) refers to printf5.o(i._printf_core) for _printf_core
    printf5.o(i.__0vsprintf$5) refers to printf5.o(i._sputc) for _sputc
    printf5.o(i._printf_core) refers to uldiv.o(.text) for __aeabi_uldivmod
    printf6.o(i.__0fprintf$6) refers to printf6.o(i._printf_core) for _printf_core
    printf6.o(i.__0fprintf$6) refers to star_retarget.o(.text.fputc) for fputc
    printf6.o(i.__0printf$6) refers to printf6.o(i._printf_core) for _printf_core
    printf6.o(i.__0printf$6) refers to star_retarget.o(.text.fputc) for fputc
    printf6.o(i.__0printf$6) refers to star_retarget.o(.bss.__stdout) for __stdout
    printf6.o(i.__0snprintf$6) refers to printf6.o(i._printf_core) for _printf_core
    printf6.o(i.__0snprintf$6) refers to printf6.o(i._snputc) for _snputc
    printf6.o(i.__0sprintf$6) refers to printf6.o(i._printf_core) for _printf_core
    printf6.o(i.__0sprintf$6) refers to printf6.o(i._sputc) for _sputc
    printf6.o(i.__0vfprintf$6) refers to printf6.o(i._printf_core) for _printf_core
    printf6.o(i.__0vfprintf$6) refers to star_retarget.o(.text.fputc) for fputc
    printf6.o(i.__0vprintf$6) refers to printf6.o(i._printf_core) for _printf_core
    printf6.o(i.__0vprintf$6) refers to star_retarget.o(.text.fputc) for fputc
    printf6.o(i.__0vprintf$6) refers to star_retarget.o(.bss.__stdout) for __stdout
    printf6.o(i.__0vsnprintf$6) refers to printf6.o(i._printf_core) for _printf_core
    printf6.o(i.__0vsnprintf$6) refers to printf6.o(i._snputc) for _snputc
    printf6.o(i.__0vsprintf$6) refers to printf6.o(i._printf_core) for _printf_core
    printf6.o(i.__0vsprintf$6) refers to printf6.o(i._sputc) for _sputc
    printf6.o(i._printf_core) refers to printf6.o(i._printf_pre_padding) for _printf_pre_padding
    printf6.o(i._printf_core) refers to uidiv.o(.text) for __aeabi_uidivmod
    printf6.o(i._printf_core) refers to printf6.o(i._printf_post_padding) for _printf_post_padding
    printf7.o(i.__0fprintf$7) refers to printf7.o(i._printf_core) for _printf_core
    printf7.o(i.__0fprintf$7) refers to star_retarget.o(.text.fputc) for fputc
    printf7.o(i.__0printf$7) refers to printf7.o(i._printf_core) for _printf_core
    printf7.o(i.__0printf$7) refers to star_retarget.o(.text.fputc) for fputc
    printf7.o(i.__0printf$7) refers to star_retarget.o(.bss.__stdout) for __stdout
    printf7.o(i.__0snprintf$7) refers to printf7.o(i._printf_core) for _printf_core
    printf7.o(i.__0snprintf$7) refers to printf7.o(i._snputc) for _snputc
    printf7.o(i.__0sprintf$7) refers to printf7.o(i._printf_core) for _printf_core
    printf7.o(i.__0sprintf$7) refers to printf7.o(i._sputc) for _sputc
    printf7.o(i.__0vfprintf$7) refers to printf7.o(i._printf_core) for _printf_core
    printf7.o(i.__0vfprintf$7) refers to star_retarget.o(.text.fputc) for fputc
    printf7.o(i.__0vprintf$7) refers to printf7.o(i._printf_core) for _printf_core
    printf7.o(i.__0vprintf$7) refers to star_retarget.o(.text.fputc) for fputc
    printf7.o(i.__0vprintf$7) refers to star_retarget.o(.bss.__stdout) for __stdout
    printf7.o(i.__0vsnprintf$7) refers to printf7.o(i._printf_core) for _printf_core
    printf7.o(i.__0vsnprintf$7) refers to printf7.o(i._snputc) for _snputc
    printf7.o(i.__0vsprintf$7) refers to printf7.o(i._printf_core) for _printf_core
    printf7.o(i.__0vsprintf$7) refers to printf7.o(i._sputc) for _sputc
    printf7.o(i._printf_core) refers to printf7.o(i._printf_pre_padding) for _printf_pre_padding
    printf7.o(i._printf_core) refers to uldiv.o(.text) for __aeabi_uldivmod
    printf7.o(i._printf_core) refers to printf7.o(i._printf_post_padding) for _printf_post_padding
    printf8.o(i.__0fprintf$8) refers to printf8.o(i._printf_core) for _printf_core
    printf8.o(i.__0fprintf$8) refers to star_retarget.o(.text.fputc) for fputc
    printf8.o(i.__0printf$8) refers to printf8.o(i._printf_core) for _printf_core
    printf8.o(i.__0printf$8) refers to star_retarget.o(.text.fputc) for fputc
    printf8.o(i.__0printf$8) refers to star_retarget.o(.bss.__stdout) for __stdout
    printf8.o(i.__0snprintf$8) refers to printf8.o(i._printf_core) for _printf_core
    printf8.o(i.__0snprintf$8) refers to printf8.o(i._snputc) for _snputc
    printf8.o(i.__0sprintf$8) refers to printf8.o(i._printf_core) for _printf_core
    printf8.o(i.__0sprintf$8) refers to printf8.o(i._sputc) for _sputc
    printf8.o(i.__0vfprintf$8) refers to printf8.o(i._printf_core) for _printf_core
    printf8.o(i.__0vfprintf$8) refers to star_retarget.o(.text.fputc) for fputc
    printf8.o(i.__0vprintf$8) refers to printf8.o(i._printf_core) for _printf_core
    printf8.o(i.__0vprintf$8) refers to star_retarget.o(.text.fputc) for fputc
    printf8.o(i.__0vprintf$8) refers to star_retarget.o(.bss.__stdout) for __stdout
    printf8.o(i.__0vsnprintf$8) refers to printf8.o(i._printf_core) for _printf_core
    printf8.o(i.__0vsnprintf$8) refers to printf8.o(i._snputc) for _snputc
    printf8.o(i.__0vsprintf$8) refers to printf8.o(i._printf_core) for _printf_core
    printf8.o(i.__0vsprintf$8) refers to printf8.o(i._sputc) for _sputc
    printf8.o(i._printf_core) refers to printf8.o(i._printf_pre_padding) for _printf_pre_padding
    printf8.o(i._printf_core) refers to uldiv.o(.text) for __aeabi_uldivmod
    printf8.o(i._printf_core) refers to printf8.o(i._printf_post_padding) for _printf_post_padding
    printfa.o(i.__0fprintf) refers (Special) to iusefp.o(.text) for __I$use$fp
    printfa.o(i.__0fprintf) refers to printfa.o(i._printf_core) for _printf_core
    printfa.o(i.__0fprintf) refers to star_retarget.o(.text.fputc) for fputc
    printfa.o(i.__0printf) refers (Special) to iusefp.o(.text) for __I$use$fp
    printfa.o(i.__0printf) refers to printfa.o(i._printf_core) for _printf_core
    printfa.o(i.__0printf) refers to star_retarget.o(.text.fputc) for fputc
    printfa.o(i.__0printf) refers to star_retarget.o(.bss.__stdout) for __stdout
    printfa.o(i.__0snprintf) refers (Special) to iusefp.o(.text) for __I$use$fp
    printfa.o(i.__0snprintf) refers to printfa.o(i._printf_core) for _printf_core
    printfa.o(i.__0snprintf) refers to printfa.o(i._snputc) for _snputc
    printfa.o(i.__0sprintf) refers (Special) to iusefp.o(.text) for __I$use$fp
    printfa.o(i.__0sprintf) refers to printfa.o(i._printf_core) for _printf_core
    printfa.o(i.__0sprintf) refers to printfa.o(i._sputc) for _sputc
    printfa.o(i.__0vfprintf) refers (Special) to iusefp.o(.text) for __I$use$fp
    printfa.o(i.__0vfprintf) refers to printfa.o(i._printf_core) for _printf_core
    printfa.o(i.__0vfprintf) refers to star_retarget.o(.text.fputc) for fputc
    printfa.o(i.__0vprintf) refers (Special) to iusefp.o(.text) for __I$use$fp
    printfa.o(i.__0vprintf) refers to printfa.o(i._printf_core) for _printf_core
    printfa.o(i.__0vprintf) refers to star_retarget.o(.text.fputc) for fputc
    printfa.o(i.__0vprintf) refers to star_retarget.o(.bss.__stdout) for __stdout
    printfa.o(i.__0vsnprintf) refers (Special) to iusefp.o(.text) for __I$use$fp
    printfa.o(i.__0vsnprintf) refers to printfa.o(i._printf_core) for _printf_core
    printfa.o(i.__0vsnprintf) refers to printfa.o(i._snputc) for _snputc
    printfa.o(i.__0vsprintf) refers (Special) to iusefp.o(.text) for __I$use$fp
    printfa.o(i.__0vsprintf) refers to printfa.o(i._printf_core) for _printf_core
    printfa.o(i.__0vsprintf) refers to printfa.o(i._sputc) for _sputc
    printfa.o(i._fp_digits) refers (Special) to iusefp.o(.text) for __I$use$fp
    printfa.o(i._fp_digits) refers to dmul.o(.text) for __aeabi_dmul
    printfa.o(i._fp_digits) refers to ddiv.o(.text) for __aeabi_ddiv
    printfa.o(i._fp_digits) refers to cdrcmple.o(.text) for __aeabi_cdrcmple
    printfa.o(i._fp_digits) refers to dadd.o(.text) for __aeabi_dadd
    printfa.o(i._fp_digits) refers to dfixul.o(.text) for __aeabi_d2ulz
    printfa.o(i._fp_digits) refers to uldiv.o(.text) for __aeabi_uldivmod
    printfa.o(i._printf_core) refers (Special) to iusefp.o(.text) for __I$use$fp
    printfa.o(i._printf_core) refers to printfa.o(i._printf_pre_padding) for _printf_pre_padding
    printfa.o(i._printf_core) refers to uldiv.o(.text) for __aeabi_uldivmod
    printfa.o(i._printf_core) refers to printfa.o(i._printf_post_padding) for _printf_post_padding
    printfa.o(i._printf_core) refers to printfa.o(i._fp_digits) for _fp_digits
    printfa.o(i._printf_core) refers to uidiv.o(.text) for __aeabi_uidivmod
    printfa.o(i._printf_post_padding) refers (Special) to iusefp.o(.text) for __I$use$fp
    printfa.o(i._printf_pre_padding) refers (Special) to iusefp.o(.text) for __I$use$fp
    printfa.o(i._snputc) refers (Special) to iusefp.o(.text) for __I$use$fp
    printfa.o(i._sputc) refers (Special) to iusefp.o(.text) for __I$use$fp
    entry2.o(.ARM.Collect$$$$00000001) refers to entry2.o(.ARM.Collect$$$$00002712) for __lit__00000000
    entry2.o(.ARM.Collect$$$$00002712) refers to startup_armcm33.o(STACK) for __initial_sp
    entry2.o(__vectab_stack_and_reset_area) refers to startup_armcm33.o(STACK) for __initial_sp
    entry2.o(__vectab_stack_and_reset_area) refers to entry.o(.ARM.Collect$$$$00000000) for __main
    entry5.o(.ARM.Collect$$$$00000004) refers to init.o(.text) for __scatterload
    entry9a.o(.ARM.Collect$$$$0000000B) refers to main.o(.text.main) for main
    entry9b.o(.ARM.Collect$$$$0000000C) refers to main.o(.text.main) for main
    uldiv.o(.text) refers to llushr.o(.text) for __aeabi_llsr
    uldiv.o(.text) refers to llshl.o(.text) for __aeabi_llsl
    dadd.o(.text) refers (Special) to iusefp.o(.text) for __I$use$fp
    dadd.o(.text) refers to llshl.o(.text) for __aeabi_llsl
    dadd.o(.text) refers to llsshr.o(.text) for __aeabi_lasr
    dadd.o(.text) refers to depilogue.o(.text) for _double_epilogue
    dmul.o(.text) refers (Special) to iusefp.o(.text) for __I$use$fp
    dmul.o(.text) refers to depilogue.o(.text) for _double_epilogue
    ddiv.o(.text) refers (Special) to iusefp.o(.text) for __I$use$fp
    ddiv.o(.text) refers to depilogue.o(.text) for _double_round
    dfixul.o(.text) refers (Special) to iusefp.o(.text) for __I$use$fp
    dfixul.o(.text) refers to llushr.o(.text) for __aeabi_llsr
    dfixul.o(.text) refers to llshl.o(.text) for __aeabi_llsl
    cdrcmple.o(.text) refers (Special) to iusefp.o(.text) for __I$use$fp
    init.o(.text) refers to entry5.o(.ARM.Collect$$$$00000004) for __main_after_scatterload
    depilogue.o(.text) refers (Special) to iusefp.o(.text) for __I$use$fp
    depilogue.o(.text) refers to llshl.o(.text) for __aeabi_llsl
    depilogue.o(.text) refers to llushr.o(.text) for __aeabi_llsr


==============================================================================

Removing Unused input sections from the image.

    Removing startup_armcm33.o(HEAP), (3072 bytes).
    Removing star_adc.o(.text), (0 bytes).
    Removing star_adc.o(.text.ADC_DeInit), (54 bytes).
    Removing star_adc.o(.ARM.exidx.text.ADC_DeInit), (8 bytes).
    Removing star_adc.o(.text.ADC_Init), (72 bytes).
    Removing star_adc.o(.ARM.exidx.text.ADC_Init), (8 bytes).
    Removing star_adc.o(.text.ADC_StartConversion), (10 bytes).
    Removing star_adc.o(.ARM.exidx.text.ADC_StartConversion), (8 bytes).
    Removing star_adc.o(.text.ADC_StopConversion), (10 bytes).
    Removing star_adc.o(.ARM.exidx.text.ADC_StopConversion), (8 bytes).
    Removing star_adc.o(.text.ADC_EOCInterrupt_Config), (16 bytes).
    Removing star_adc.o(.ARM.exidx.text.ADC_EOCInterrupt_Config), (8 bytes).
    Removing star_adc.o(.text.ADC_GetValueFromDR), (6 bytes).
    Removing star_adc.o(.ARM.exidx.text.ADC_GetValueFromDR), (8 bytes).
    Removing star_adc.o(.text.ADC_GetValueFromDBR), (40 bytes).
    Removing star_adc.o(.ARM.exidx.text.ADC_GetValueFromDBR), (8 bytes).
    Removing star_adc.o(.text.ADC_ExternalEventTrigConvConfig), (14 bytes).
    Removing star_adc.o(.ARM.exidx.text.ADC_ExternalEventTrigConvConfig), (8 bytes).
    Removing star_adc.o(.text.ADC_InterruptEOCFlag_Clear), (10 bytes).
    Removing star_adc.o(.ARM.exidx.text.ADC_InterruptEOCFlag_Clear), (8 bytes).
    Removing star_adc.o(.text.ADC_Get_BusyState), (10 bytes).
    Removing star_adc.o(.ARM.exidx.text.ADC_Get_BusyState), (8 bytes).
    Removing star_adc.o(.text.ADC_Active_Set), (22 bytes).
    Removing star_adc.o(.ARM.exidx.text.ADC_Active_Set), (8 bytes).
    Removing star_adc.o(.text.ADC_Get_DataBufferEnable_State), (16 bytes).
    Removing star_adc.o(.ARM.exidx.text.ADC_Get_DataBufferEnable_State), (8 bytes).
    Removing star_dma.o(.text), (0 bytes).
    Removing star_dma.o(.text.DMA_Get_InterruptStatus), (4 bytes).
    Removing star_dma.o(.ARM.exidx.text.DMA_Get_InterruptStatus), (8 bytes).
    Removing star_dma.o(.text.DMA_Get_TerminalCountStatus), (4 bytes).
    Removing star_dma.o(.ARM.exidx.text.DMA_Get_TerminalCountStatus), (8 bytes).
    Removing star_dma.o(.text.DMA_Clear_TerminalCountInterrupt), (20 bytes).
    Removing star_dma.o(.ARM.exidx.text.DMA_Clear_TerminalCountInterrupt), (8 bytes).
    Removing star_dma.o(.text.DMA_Get_InterruptErrorStatus), (4 bytes).
    Removing star_dma.o(.ARM.exidx.text.DMA_Get_InterruptErrorStatus), (8 bytes).
    Removing star_dma.o(.text.DMA_Clear_InterruptError), (20 bytes).
    Removing star_dma.o(.ARM.exidx.text.DMA_Clear_InterruptError), (8 bytes).
    Removing star_dma.o(.text.DMA_Get_RawInterruptTerminalCountStatus), (4 bytes).
    Removing star_dma.o(.ARM.exidx.text.DMA_Get_RawInterruptTerminalCountStatus), (8 bytes).
    Removing star_dma.o(.text.DMA_Get_RawErrorInterruptStatus), (4 bytes).
    Removing star_dma.o(.ARM.exidx.text.DMA_Get_RawErrorInterruptStatus), (8 bytes).
    Removing star_dma.o(.text.DMA_Get_EnableChannel), (4 bytes).
    Removing star_dma.o(.ARM.exidx.text.DMA_Get_EnableChannel), (8 bytes).
    Removing star_dma.o(.text.DMA_Set_Configuration), (16 bytes).
    Removing star_dma.o(.ARM.exidx.text.DMA_Set_Configuration), (8 bytes).
    Removing star_dma.o(.text.DMA_Set_SourceAddress), (20 bytes).
    Removing star_dma.o(.ARM.exidx.text.DMA_Set_SourceAddress), (8 bytes).
    Removing star_dma.o(.text.DMA_Set_DestinationAddress), (20 bytes).
    Removing star_dma.o(.ARM.exidx.text.DMA_Set_DestinationAddress), (8 bytes).
    Removing star_dma.o(.text.DMA_Set_LLI), (20 bytes).
    Removing star_dma.o(.ARM.exidx.text.DMA_Set_LLI), (8 bytes).
    Removing star_dma.o(.text.DMA_Set_Increment), (52 bytes).
    Removing star_dma.o(.ARM.exidx.text.DMA_Set_Increment), (8 bytes).
    Removing star_dma.o(.text.DMA_Set_DataWidth), (42 bytes).
    Removing star_dma.o(.ARM.exidx.text.DMA_Set_DataWidth), (8 bytes).
    Removing star_dma.o(.text.DMA_Set_TransferSize), (52 bytes).
    Removing star_dma.o(.ARM.exidx.text.DMA_Set_TransferSize), (8 bytes).
    Removing star_dma.o(.text.DMA_ChannelConfig), (48 bytes).
    Removing star_dma.o(.ARM.exidx.text.DMA_ChannelConfig), (8 bytes).
    Removing star_dma.o(.text.DMA_ChannelConfig_Flow), (30 bytes).
    Removing star_dma.o(.ARM.exidx.text.DMA_ChannelConfig_Flow), (8 bytes).
    Removing star_dma.o(.text.DMA_ChannelConfig_Peri), (54 bytes).
    Removing star_dma.o(.ARM.exidx.text.DMA_ChannelConfig_Peri), (8 bytes).
    Removing star_dma.o(.text.DMA_LLI_List_Item), (22 bytes).
    Removing star_dma.o(.ARM.exidx.text.DMA_LLI_List_Item), (8 bytes).
    Removing star_dma.o(.text.DMA_SoftwareBurstRequest), (4 bytes).
    Removing star_dma.o(.ARM.exidx.text.DMA_SoftwareBurstRequest), (8 bytes).
    Removing star_dma.o(.text.DMA_SoftwareSingleRequest), (4 bytes).
    Removing star_dma.o(.ARM.exidx.text.DMA_SoftwareSingleRequest), (8 bytes).
    Removing star_dma.o(.text.DMA_SoftwareLastBurstRequest), (4 bytes).
    Removing star_dma.o(.ARM.exidx.text.DMA_SoftwareLastBurstRequest), (8 bytes).
    Removing star_dma.o(.text.DMA_SoftwareLastSingleRequest), (4 bytes).
    Removing star_dma.o(.ARM.exidx.text.DMA_SoftwareLastSingleRequest), (8 bytes).
    Removing star_dualtimer.o(.text), (0 bytes).
    Removing star_dualtimer.o(.text.DTIM_DeInit), (54 bytes).
    Removing star_dualtimer.o(.ARM.exidx.text.DTIM_DeInit), (8 bytes).
    Removing star_dualtimer.o(.text.DTIM_Init), (50 bytes).
    Removing star_dualtimer.o(.ARM.exidx.text.DTIM_Init), (8 bytes).
    Removing star_dualtimer.o(.text.DTIM_MODE), (28 bytes).
    Removing star_dualtimer.o(.ARM.exidx.text.DTIM_MODE), (8 bytes).
    Removing star_dualtimer.o(.text.DTIM_ENABLE), (64 bytes).
    Removing star_dualtimer.o(.ARM.exidx.text.DTIM_ENABLE), (8 bytes).
    Removing star_dualtimer.o(.text.DTIM_SetBGLOAD), (26 bytes).
    Removing star_dualtimer.o(.ARM.exidx.text.DTIM_SetBGLOAD), (8 bytes).
    Removing star_dualtimer.o(.text.DTIM_ITConfig), (64 bytes).
    Removing star_dualtimer.o(.ARM.exidx.text.DTIM_ITConfig), (8 bytes).
    Removing star_dualtimer.o(.ARM.exidx.text.DTIM_ClearIT), (8 bytes).
    Removing star_dualtimer.o(.text.DTIM_Timer0CurrentValue), (24 bytes).
    Removing star_dualtimer.o(.ARM.exidx.text.DTIM_Timer0CurrentValue), (8 bytes).
    Removing star_dualtimer.o(.text.DTIM_Timer0RISValue), (24 bytes).
    Removing star_dualtimer.o(.ARM.exidx.text.DTIM_Timer0RISValue), (8 bytes).
    Removing star_dualtimer.o(.ARM.exidx.text.DTIM_Timer0MISValue), (8 bytes).
    Removing star_gpio.o(.text), (0 bytes).
    Removing star_gpio.o(.ARM.exidx.text.GPIO_DeInit), (8 bytes).
    Removing star_gpio.o(.text.GPIO_ReadInputData), (10 bytes).
    Removing star_gpio.o(.ARM.exidx.text.GPIO_ReadInputData), (8 bytes).
    Removing star_gpio.o(.text.GPIO_SetBit), (22 bytes).
    Removing star_gpio.o(.ARM.exidx.text.GPIO_SetBit), (8 bytes).
    Removing star_gpio.o(.ARM.exidx.text.GPIO_ResetBit), (8 bytes).
    Removing star_gpio.o(.text.GPIO_WriteBit), (30 bytes).
    Removing star_gpio.o(.ARM.exidx.text.GPIO_WriteBit), (8 bytes).
    Removing star_gpio.o(.ARM.exidx.text.GPIO_TogglePin), (8 bytes).
    Removing star_gpio.o(.ARM.exidx.text.GPIO_PinRemapConfig), (8 bytes).
    Removing star_gpio.o(.text.GPIO_PinInterruptTypeConfig), (80 bytes).
    Removing star_gpio.o(.ARM.exidx.text.GPIO_PinInterruptTypeConfig), (8 bytes).
    Removing star_gpio.o(.ARM.exidx.text.GPIO_PinInterruptClearFlag), (8 bytes).
    Removing star_i2c.o(.text), (0 bytes).
    Removing star_i2c.o(.text.I2C_DeInit), (38 bytes).
    Removing star_i2c.o(.ARM.exidx.text.I2C_DeInit), (8 bytes).
    Removing star_i2c.o(.text.I2C_Init), (40 bytes).
    Removing star_i2c.o(.ARM.exidx.text.I2C_Init), (8 bytes).
    Removing star_i2c.o(.text.I2C_SlvaddrConfig), (4 bytes).
    Removing star_i2c.o(.ARM.exidx.text.I2C_SlvaddrConfig), (8 bytes).
    Removing star_i2c.o(.text.I2C_GenerateSTART), (16 bytes).
    Removing star_i2c.o(.ARM.exidx.text.I2C_GenerateSTART), (8 bytes).
    Removing star_i2c.o(.text.I2C_TxEnable), (16 bytes).
    Removing star_i2c.o(.ARM.exidx.text.I2C_TxEnable), (8 bytes).
    Removing star_i2c.o(.text.I2C_RxEnable), (18 bytes).
    Removing star_i2c.o(.ARM.exidx.text.I2C_RxEnable), (8 bytes).
    Removing star_i2c.o(.text.I2C_GenerateSTOP), (16 bytes).
    Removing star_i2c.o(.ARM.exidx.text.I2C_GenerateSTOP), (8 bytes).
    Removing star_i2c.o(.text.I2C_ITConfig), (16 bytes).
    Removing star_i2c.o(.ARM.exidx.text.I2C_ITConfig), (8 bytes).
    Removing star_i2c.o(.text.I2C_TxIT_TxbufferLevelConfig), (24 bytes).
    Removing star_i2c.o(.ARM.exidx.text.I2C_TxIT_TxbufferLevelConfig), (8 bytes).
    Removing star_i2c.o(.text.I2C_RxIT_RxbufferLevelConfig), (24 bytes).
    Removing star_i2c.o(.ARM.exidx.text.I2C_RxIT_RxbufferLevelConfig), (8 bytes).
    Removing star_i2c.o(.text.I2C_TxRxDataNumConfig), (18 bytes).
    Removing star_i2c.o(.ARM.exidx.text.I2C_TxRxDataNumConfig), (8 bytes).
    Removing star_i2c.o(.text.I2C_SendData), (4 bytes).
    Removing star_i2c.o(.ARM.exidx.text.I2C_SendData), (8 bytes).
    Removing star_i2c.o(.text.I2C_WaitSendDataFinish), (16 bytes).
    Removing star_i2c.o(.ARM.exidx.text.I2C_WaitSendDataFinish), (8 bytes).
    Removing star_i2c.o(.text.I2C_WaitReceiveReady), (8 bytes).
    Removing star_i2c.o(.ARM.exidx.text.I2C_WaitReceiveReady), (8 bytes).
    Removing star_i2c.o(.text.I2C_ReceiveData), (6 bytes).
    Removing star_i2c.o(.ARM.exidx.text.I2C_ReceiveData), (8 bytes).
    Removing star_i2c.o(.text.I2C_GetStatus1Values), (4 bytes).
    Removing star_i2c.o(.ARM.exidx.text.I2C_GetStatus1Values), (8 bytes).
    Removing star_i2c.o(.text.I2C_GetStatus2Values), (6 bytes).
    Removing star_i2c.o(.ARM.exidx.text.I2C_GetStatus2Values), (8 bytes).
    Removing star_i2c.o(.text.I2C_GetITStatus), (86 bytes).
    Removing star_i2c.o(.ARM.exidx.text.I2C_GetITStatus), (8 bytes).
    Removing star_i2c.o(.text.I2C_CheckStatus), (10 bytes).
    Removing star_i2c.o(.ARM.exidx.text.I2C_CheckStatus), (8 bytes).
    Removing star_i2c.o(.text.I2C_WaitBusIdle), (8 bytes).
    Removing star_i2c.o(.ARM.exidx.text.I2C_WaitBusIdle), (8 bytes).
    Removing star_i2c.o(.text.I2C_WaitTxFIFOIsNotFull), (8 bytes).
    Removing star_i2c.o(.ARM.exidx.text.I2C_WaitTxFIFOIsNotFull), (8 bytes).
    Removing star_i2c.o(.text.I2C_CheckACKIsFail), (8 bytes).
    Removing star_i2c.o(.ARM.exidx.text.I2C_CheckACKIsFail), (8 bytes).
    Removing star_i2c.o(.text.I2C_SoftwareResetCmd), (18 bytes).
    Removing star_i2c.o(.ARM.exidx.text.I2C_SoftwareResetCmd), (8 bytes).
    Removing star_rcc.o(.text), (0 bytes).
    Removing star_rcc.o(.ARM.exidx.text.RCC_APB1PeriphResetCmd), (8 bytes).
    Removing star_retarget.o(.text), (0 bytes).
    Removing star_retarget.o(.ARM.exidx.text.fputc), (8 bytes).
    Removing star_retarget.o(.ARM.exidx.text.UartPutc), (8 bytes).
    Removing star_retarget.o(.text.fgetc), (12 bytes).
    Removing star_retarget.o(.ARM.exidx.text.fgetc), (8 bytes).
    Removing star_retarget.o(.text.UartGetc), (24 bytes).
    Removing star_retarget.o(.ARM.exidx.text.UartGetc), (8 bytes).
    Removing star_retarget.o(.bss.__stdin), (84 bytes).
    Removing star_spi.o(.text), (0 bytes).
    Removing star_spi.o(.text.SSP_DeInit), (56 bytes).
    Removing star_spi.o(.ARM.exidx.text.SSP_DeInit), (8 bytes).
    Removing star_spi.o(.text.SSP_Init), (36 bytes).
    Removing star_spi.o(.ARM.exidx.text.SSP_Init), (8 bytes).
    Removing star_spi.o(.text.SSP_Enable), (16 bytes).
    Removing star_spi.o(.ARM.exidx.text.SSP_Enable), (8 bytes).
    Removing star_spi.o(.text.SSP_Set_ReceiveDataNum), (10 bytes).
    Removing star_spi.o(.ARM.exidx.text.SSP_Set_ReceiveDataNum), (8 bytes).
    Removing star_spi.o(.text.SSP_Set_ITConfig), (16 bytes).
    Removing star_spi.o(.ARM.exidx.text.SSP_Set_ITConfig), (8 bytes).
    Removing star_spi.o(.text.SSP_SendData), (4 bytes).
    Removing star_spi.o(.ARM.exidx.text.SSP_SendData), (8 bytes).
    Removing star_spi.o(.text.SSP_Wait_SendFinish), (8 bytes).
    Removing star_spi.o(.ARM.exidx.text.SSP_Wait_SendFinish), (8 bytes).
    Removing star_spi.o(.text.SSP_Wait_ReceiveReady), (8 bytes).
    Removing star_spi.o(.ARM.exidx.text.SSP_Wait_ReceiveReady), (8 bytes).
    Removing star_spi.o(.text.SSP_DMA_Request), (16 bytes).
    Removing star_spi.o(.ARM.exidx.text.SSP_DMA_Request), (8 bytes).
    Removing star_spi.o(.text.SSP_ReceiveData), (6 bytes).
    Removing star_spi.o(.ARM.exidx.text.SSP_ReceiveData), (8 bytes).
    Removing star_spi.o(.text.SSP_Get_SRValue), (6 bytes).
    Removing star_spi.o(.ARM.exidx.text.SSP_Get_SRValue), (8 bytes).
    Removing star_spi.o(.text.SSP_Get_RISValue), (6 bytes).
    Removing star_spi.o(.ARM.exidx.text.SSP_Get_RISValue), (8 bytes).
    Removing star_spi.o(.text.SSP_Get_MISValue), (6 bytes).
    Removing star_spi.o(.ARM.exidx.text.SSP_Get_MISValue), (8 bytes).
    Removing star_spi.o(.text.SSP_ClearIT), (24 bytes).
    Removing star_spi.o(.ARM.exidx.text.SSP_ClearIT), (8 bytes).
    Removing star_spi.o(.text.SSP_Wait_TxFIFOEmpty), (8 bytes).
    Removing star_spi.o(.ARM.exidx.text.SSP_Wait_TxFIFOEmpty), (8 bytes).
    Removing star_spi.o(.text.SSP_Wait_TxFIFONotFull), (8 bytes).
    Removing star_spi.o(.ARM.exidx.text.SSP_Wait_TxFIFONotFull), (8 bytes).
    Removing star_spi.o(.text.SSP_Wait_RxFIFOEmpty), (8 bytes).
    Removing star_spi.o(.ARM.exidx.text.SSP_Wait_RxFIFOEmpty), (8 bytes).
    Removing star_spi.o(.text.SSP_Wait_PrimeCellIdle), (8 bytes).
    Removing star_spi.o(.ARM.exidx.text.SSP_Wait_PrimeCellIdle), (8 bytes).
    Removing star_spi.o(.text.SSP_Wait_TxIdle), (8 bytes).
    Removing star_spi.o(.ARM.exidx.text.SSP_Wait_TxIdle), (8 bytes).
    Removing star_spi.o(.text.SSP_Tx_FIFO_Is_Full), (10 bytes).
    Removing star_spi.o(.ARM.exidx.text.SSP_Tx_FIFO_Is_Full), (8 bytes).
    Removing star_spi.o(.text.SSP_RX_FIFO_Is_Empty), (10 bytes).
    Removing star_spi.o(.ARM.exidx.text.SSP_RX_FIFO_Is_Empty), (8 bytes).
    Removing star_timer.o(.text), (0 bytes).
    Removing star_timer.o(.text.TIM_DeInit), (46 bytes).
    Removing star_timer.o(.ARM.exidx.text.TIM_DeInit), (8 bytes).
    Removing star_timer.o(.text.TIM_TimeBaseStructInit), (8 bytes).
    Removing star_timer.o(.ARM.exidx.text.TIM_TimeBaseStructInit), (8 bytes).
    Removing star_timer.o(.text.TIM_TimeBaseInit), (10 bytes).
    Removing star_timer.o(.ARM.exidx.text.TIM_TimeBaseInit), (8 bytes).
    Removing star_timer.o(.text.TIM_CtrlCmd), (16 bytes).
    Removing star_timer.o(.ARM.exidx.text.TIM_CtrlCmd), (8 bytes).
    Removing star_timer.o(.text.TIM_GetITStatus), (6 bytes).
    Removing star_timer.o(.ARM.exidx.text.TIM_GetITStatus), (8 bytes).
    Removing star_timer.o(.ARM.exidx.text.TIM_ClearIT), (8 bytes).
    Removing star_uart.o(.text), (0 bytes).
    Removing star_uart.o(.ARM.exidx.text.UART_DeInit), (8 bytes).
    Removing star_uart.o(.ARM.exidx.text.UART_Init), (8 bytes).
    Removing star_uart.o(.ARM.exidx.text.UART_ITConfig), (8 bytes).
    Removing star_uart.o(.ARM.exidx.text.UART_ITCLEAR), (8 bytes).
    Removing star_uart.o(.ARM.exidx.text.UART_GetITStatus), (8 bytes).
    Removing star_uart.o(.text.UART_GetFlagStatus), (10 bytes).
    Removing star_uart.o(.ARM.exidx.text.UART_GetFlagStatus), (8 bytes).
    Removing star_uart.o(.ARM.exidx.text.UART_SendData), (8 bytes).
    Removing star_uart.o(.ARM.exidx.text.UART_ReceiveData), (8 bytes).
    Removing star_watchdog.o(.text), (0 bytes).
    Removing star_watchdog.o(.text.WatchDog_Set_LOAD), (4 bytes).
    Removing star_watchdog.o(.ARM.exidx.text.WatchDog_Set_LOAD), (8 bytes).
    Removing star_watchdog.o(.text.WatchDog_LOCK), (8 bytes).
    Removing star_watchdog.o(.ARM.exidx.text.WatchDog_LOCK), (8 bytes).
    Removing star_watchdog.o(.text.WatchDog_UNLOCK), (14 bytes).
    Removing star_watchdog.o(.ARM.exidx.text.WatchDog_UNLOCK), (8 bytes).
    Removing star_watchdog.o(.text.WatchDog_Set_CTRL), (8 bytes).
    Removing star_watchdog.o(.ARM.exidx.text.WatchDog_Set_CTRL), (8 bytes).
    Removing star_watchdog.o(.text.WatchDog_Set_INTCLR), (20 bytes).
    Removing star_watchdog.o(.ARM.exidx.text.WatchDog_Set_INTCLR), (8 bytes).
    Removing star_watchdog.o(.text.WatchDog_Get_VALUE), (4 bytes).
    Removing star_watchdog.o(.ARM.exidx.text.WatchDog_Get_VALUE), (8 bytes).
    Removing star_watchdog.o(.text.WatchDog_Get_RAWINTSTAT), (4 bytes).
    Removing star_watchdog.o(.ARM.exidx.text.WatchDog_Get_RAWINTSTAT), (8 bytes).
    Removing star_watchdog.o(.text.WatchDog_Get_MASKINTSTAT), (4 bytes).
    Removing star_watchdog.o(.ARM.exidx.text.WatchDog_Get_MASKINTSTAT), (8 bytes).
    Removing system_armcm33.o(.text), (0 bytes).
    Removing system_armcm33.o(.text.SystemCoreClockUpdate), (20 bytes).
    Removing system_armcm33.o(.ARM.exidx.text.SystemCoreClockUpdate), (8 bytes).
    Removing system_armcm33.o(.ARM.exidx.text.SystemInit), (8 bytes).
    Removing system_armcm33.o(.data.PCLK_DIV), (1 bytes).
    Removing dma.o(.text), (0 bytes).
    Removing dma.o(.text.DMA_Test_MtoM), (456 bytes).
    Removing dma.o(.ARM.exidx.text.DMA_Test_MtoM), (8 bytes).
    Removing dma.o(.text.memory_write_byte), (4 bytes).
    Removing dma.o(.ARM.exidx.text.memory_write_byte), (8 bytes).
    Removing dma.o(.text.memory_read_byte), (4 bytes).
    Removing dma.o(.ARM.exidx.text.memory_read_byte), (8 bytes).
    Removing dma.o(.text.DMA_SPI_Test_PtoM), (360 bytes).
    Removing dma.o(.ARM.exidx.text.DMA_SPI_Test_PtoM), (8 bytes).
    Removing dma.o(.text.SPI_Init_And_Send), (192 bytes).
    Removing dma.o(.ARM.exidx.text.SPI_Init_And_Send), (8 bytes).
    Removing dma.o(.text.DMA_SPI_Test_MtoP), (320 bytes).
    Removing dma.o(.ARM.exidx.text.DMA_SPI_Test_MtoP), (8 bytes).
    Removing dma.o(.text.DMA_MemoryToPeripheral), (204 bytes).
    Removing dma.o(.ARM.exidx.text.DMA_MemoryToPeripheral), (8 bytes).
    Removing dma.o(.text.DMA_test), (8 bytes).
    Removing dma.o(.ARM.exidx.text.DMA_test), (8 bytes).
    Removing dma.o(.rodata.str1.1), (335 bytes).
    Removing dualtimer.o(.text), (0 bytes).
    Removing dualtimer.o(.text.DTMIx_Init), (54 bytes).
    Removing dualtimer.o(.ARM.exidx.text.DTMIx_Init), (8 bytes).
    Removing dualtimer.o(.text.DTMIx_Timer1_Init), (88 bytes).
    Removing dualtimer.o(.ARM.exidx.text.DTMIx_Timer1_Init), (8 bytes).
    Removing dualtimer.o(.text.DTMIx_Timer2_Init), (88 bytes).
    Removing dualtimer.o(.ARM.exidx.text.DTMIx_Timer2_Init), (8 bytes).
    Removing dualtimer.o(.text.__NVIC_EnableIRQ), (16 bytes).
    Removing dualtimer.o(.ARM.exidx.text.__NVIC_EnableIRQ), (8 bytes).
    Removing dualtimer.o(.ARM.exidx.text.DUALTIMER0_Handler), (8 bytes).
    Removing dualtimer.o(.ARM.exidx.text.DUALTIMER1_Handler), (8 bytes).
    Removing extint.o(.text), (0 bytes).
    Removing extint.o(.text.extint0_init), (34 bytes).
    Removing extint.o(.ARM.exidx.text.extint0_init), (8 bytes).
    Removing extint.o(.ARM.exidx.text.__NVIC_ClearPendingIRQ), (8 bytes).
    Removing extint.o(.text.__NVIC_EnableIRQ), (32 bytes).
    Removing extint.o(.ARM.exidx.text.__NVIC_EnableIRQ), (8 bytes).
    Removing extint.o(.text.extint15_init), (34 bytes).
    Removing extint.o(.ARM.exidx.text.extint15_init), (8 bytes).
    Removing extint.o(.ARM.exidx.text.EXT0_Handler), (8 bytes).
    Removing extint.o(.ARM.exidx.text.EXT15_Handler), (8 bytes).
    Removing extint.o(.text.extint_test), (56 bytes).
    Removing extint.o(.ARM.exidx.text.extint_test), (8 bytes).
    Removing gpio_interrupt.o(.text), (0 bytes).
    Removing gpio_interrupt.o(.text.gpio4_interrupt_init), (28 bytes).
    Removing gpio_interrupt.o(.ARM.exidx.text.gpio4_interrupt_init), (8 bytes).
    Removing gpio_interrupt.o(.ARM.exidx.text.__NVIC_ClearPendingIRQ), (8 bytes).
    Removing gpio_interrupt.o(.text.__NVIC_EnableIRQ), (16 bytes).
    Removing gpio_interrupt.o(.ARM.exidx.text.__NVIC_EnableIRQ), (8 bytes).
    Removing gpio_interrupt.o(.ARM.exidx.text.PORT0_4_Handler), (8 bytes).
    Removing misc.o(.text), (0 bytes).
    Removing misc.o(.text.NVIC_PriorityGroupConfig), (20 bytes).
    Removing misc.o(.ARM.exidx.text.NVIC_PriorityGroupConfig), (8 bytes).
    Removing misc.o(.text.NVIC_Init), (94 bytes).
    Removing misc.o(.ARM.exidx.text.NVIC_Init), (8 bytes).
    Removing misc.o(.text.NVIC_SetVectorTable), (24 bytes).
    Removing misc.o(.ARM.exidx.text.NVIC_SetVectorTable), (8 bytes).
    Removing timer.o(.text), (0 bytes).
    Removing timer.o(.text.timer_init), (8 bytes).
    Removing timer.o(.ARM.exidx.text.timer_init), (8 bytes).
    Removing timer.o(.text.timerx_init), (62 bytes).
    Removing timer.o(.ARM.exidx.text.timerx_init), (8 bytes).
    Removing timer.o(.ARM.exidx.text.TIMER0_Handler), (8 bytes).
    Removing timer.o(.ARM.exidx.text.TIMER1_Handler), (8 bytes).
    Removing timer.o(.text.__NVIC_ClearPendingIRQ), (16 bytes).
    Removing timer.o(.ARM.exidx.text.__NVIC_ClearPendingIRQ), (8 bytes).
    Removing timer.o(.text.__NVIC_EnableIRQ), (16 bytes).
    Removing timer.o(.ARM.exidx.text.__NVIC_EnableIRQ), (8 bytes).
    Removing uart.o(.text), (0 bytes).
    Removing uart.o(.ARM.exidx.text.uart_init), (8 bytes).
    Removing uart.o(.ARM.exidx.text.uartx_init), (8 bytes).
    Removing uart.o(.ARM.exidx.text.UART0_Handler), (8 bytes).
    Removing uart.o(.ARM.exidx.text.UART1_Handler), (8 bytes).
    Removing uart.o(.ARM.exidx.text.UART2_Handler), (8 bytes).
    Removing uart.o(.ARM.exidx.text.uart_interrupt_init), (8 bytes).
    Removing uart.o(.ARM.exidx.text.__NVIC_ClearPendingIRQ), (8 bytes).
    Removing uart.o(.ARM.exidx.text.__NVIC_EnableIRQ), (8 bytes).
    Removing watchdog.o(.text), (0 bytes).
    Removing watchdog.o(.text.watchdog_init), (56 bytes).
    Removing watchdog.o(.ARM.exidx.text.watchdog_init), (8 bytes).
    Removing watchdog.o(.ARM.exidx.text.NMI_Handler), (8 bytes).
    Removing watchdog.o(.text.watchdog_feed), (34 bytes).
    Removing watchdog.o(.ARM.exidx.text.watchdog_feed), (8 bytes).
    Removing watchdog.o(.text.watchdog_test), (36 bytes).
    Removing watchdog.o(.ARM.exidx.text.watchdog_test), (8 bytes).
    Removing io_spi.o(.text), (0 bytes).
    Removing io_spi.o(.text.SPI_GPIO_Init), (66 bytes).
    Removing io_spi.o(.ARM.exidx.text.SPI_GPIO_Init), (8 bytes).
    Removing io_spi.o(.text.SPI_GPIO_WriteBit), (30 bytes).
    Removing io_spi.o(.ARM.exidx.text.SPI_GPIO_WriteBit), (8 bytes).
    Removing io_spi.o(.text.SPI_GPIO_RdData), (14 bytes).
    Removing io_spi.o(.ARM.exidx.text.SPI_GPIO_RdData), (8 bytes).
    Removing io_spi.o(.text.GPIO_SPI_Read_Byte), (54 bytes).
    Removing io_spi.o(.ARM.exidx.text.GPIO_SPI_Read_Byte), (8 bytes).
    Removing io_spi.o(.text.GPIO_SPI_Write_Byte), (54 bytes).
    Removing io_spi.o(.ARM.exidx.text.GPIO_SPI_Write_Byte), (8 bytes).
    Removing w5500.o(.text), (0 bytes).
    Removing w5500.o(.text.W5500_CS), (20 bytes).
    Removing w5500.o(.ARM.exidx.text.W5500_CS), (8 bytes).
    Removing w5500.o(.text.W5500_SPI_Init), (50 bytes).
    Removing w5500.o(.ARM.exidx.text.W5500_SPI_Init), (8 bytes).
    Removing w5500.o(.text.SSP_PinRemap), (66 bytes).
    Removing w5500.o(.ARM.exidx.text.SSP_PinRemap), (8 bytes).
    Removing w5500.o(.text.SPI_Read_Byte), (36 bytes).
    Removing w5500.o(.ARM.exidx.text.SPI_Read_Byte), (8 bytes).
    Removing w5500.o(.text.SPI_Read_2Byte), (56 bytes).
    Removing w5500.o(.ARM.exidx.text.SPI_Read_2Byte), (8 bytes).
    Removing w5500.o(.text.SPI_Read_NByte), (54 bytes).
    Removing w5500.o(.ARM.exidx.text.SPI_Read_NByte), (8 bytes).
    Removing w5500.o(.text.SPI_Send_Byte), (18 bytes).
    Removing w5500.o(.ARM.exidx.text.SPI_Send_Byte), (8 bytes).
    Removing w5500.o(.text.SPI_Send_Short), (18 bytes).
    Removing w5500.o(.ARM.exidx.text.SPI_Send_Short), (8 bytes).
    Removing w5500.o(.text.Write_W5500_1Byte), (68 bytes).
    Removing w5500.o(.ARM.exidx.text.Write_W5500_1Byte), (8 bytes).
    Removing w5500.o(.text.Write_W5500_2Byte), (68 bytes).
    Removing w5500.o(.ARM.exidx.text.Write_W5500_2Byte), (8 bytes).
    Removing w5500.o(.text.Write_W5500_nByte), (84 bytes).
    Removing w5500.o(.ARM.exidx.text.Write_W5500_nByte), (8 bytes).
    Removing w5500.o(.text.Write_W5500_SOCK_1Byte), (74 bytes).
    Removing w5500.o(.ARM.exidx.text.Write_W5500_SOCK_1Byte), (8 bytes).
    Removing w5500.o(.text.Write_W5500_SOCK_2Byte), (74 bytes).
    Removing w5500.o(.ARM.exidx.text.Write_W5500_SOCK_2Byte), (8 bytes).
    Removing w5500.o(.text.Write_W5500_SOCK_4Byte), (92 bytes).
    Removing w5500.o(.ARM.exidx.text.Write_W5500_SOCK_4Byte), (8 bytes).
    Removing w5500.o(.text.Read_W5500_1Byte), (68 bytes).
    Removing w5500.o(.ARM.exidx.text.Read_W5500_1Byte), (8 bytes).
    Removing w5500.o(.text.Read_W5500_SOCK_1Byte), (74 bytes).
    Removing w5500.o(.ARM.exidx.text.Read_W5500_SOCK_1Byte), (8 bytes).
    Removing w5500.o(.text.Read_W5500_SOCK_2Byte), (74 bytes).
    Removing w5500.o(.ARM.exidx.text.Read_W5500_SOCK_2Byte), (8 bytes).
    Removing w5500.o(.text.Read_SOCK_Data_Buffer), (214 bytes).
    Removing w5500.o(.ARM.exidx.text.Read_SOCK_Data_Buffer), (8 bytes).
    Removing w5500.o(.text.Write_SOCK_Data_Buffer), (406 bytes).
    Removing w5500.o(.ARM.exidx.text.Write_SOCK_Data_Buffer), (8 bytes).
    Removing w5500.o(.text.W5500_Hardware_Reset), (40 bytes).
    Removing w5500.o(.ARM.exidx.text.W5500_Hardware_Reset), (8 bytes).
    Removing w5500.o(.text.Delay), (2 bytes).
    Removing w5500.o(.ARM.exidx.text.Delay), (8 bytes).
    Removing w5500.o(.text.W5500_Init), (126 bytes).
    Removing w5500.o(.ARM.exidx.text.W5500_Init), (8 bytes).
    Removing w5500.o(.text.Detect_Gateway), (182 bytes).
    Removing w5500.o(.ARM.exidx.text.Detect_Gateway), (8 bytes).
    Removing w5500.o(.text.Socket_Init), (84 bytes).
    Removing w5500.o(.ARM.exidx.text.Socket_Init), (8 bytes).
    Removing w5500.o(.text.Socket_Connect), (60 bytes).
    Removing w5500.o(.ARM.exidx.text.Socket_Connect), (8 bytes).
    Removing w5500.o(.text.Socket_Listen), (74 bytes).
    Removing w5500.o(.ARM.exidx.text.Socket_Listen), (8 bytes).
    Removing w5500.o(.text.Socket_UDP), (52 bytes).
    Removing w5500.o(.ARM.exidx.text.Socket_UDP), (8 bytes).
    Removing w5500.o(.text.W5500_Interrupt_Process), (160 bytes).
    Removing w5500.o(.ARM.exidx.text.W5500_Interrupt_Process), (8 bytes).
    Removing w5500.o(.text.W5500_Initialization), (18 bytes).
    Removing w5500.o(.ARM.exidx.text.W5500_Initialization), (8 bytes).
    Removing w5500.o(.text.Load_Net_Parameters), (220 bytes).
    Removing w5500.o(.ARM.exidx.text.Load_Net_Parameters), (8 bytes).
    Removing w5500.o(.text.W5500_Socket_Set), (72 bytes).
    Removing w5500.o(.ARM.exidx.text.W5500_Socket_Set), (8 bytes).
    Removing w5500.o(.text.Process_Socket_Data), (120 bytes).
    Removing w5500.o(.ARM.exidx.text.Process_Socket_Data), (8 bytes).
    Removing w5500.o(.data.S0_Mode), (1 bytes).
    Removing w5500.o(.bss.S0_State), (1 bytes).
    Removing w5500.o(.bss.UDP_DIPR), (4 bytes).
    Removing w5500.o(.bss.UDP_DPORT), (2 bytes).
    Removing w5500.o(.bss.Gateway_IP), (4 bytes).
    Removing w5500.o(.bss.Sub_Mask), (4 bytes).
    Removing w5500.o(.bss.Phy_Addr), (6 bytes).
    Removing w5500.o(.bss.IP_Addr), (4 bytes).
    Removing w5500.o(.bss.S0_Port), (2 bytes).
    Removing w5500.o(.bss.S0_DPort), (2 bytes).
    Removing w5500.o(.bss.S0_DIP), (4 bytes).
    Removing w5500.o(.bss.S0_Data), (1 bytes).
    Removing w5500.o(.bss.Rx_Buffer), (3000 bytes).
    Removing w5500.o(.bss.Tx_Buffer), (3000 bytes).
    Removing w5500.o(.bss.W5500_Interrupt), (1 bytes).
    Removing main.o(.text), (0 bytes).
    Removing main.o(.text.delay_ms), (2 bytes).
    Removing main.o(.ARM.exidx.text.delay_ms), (8 bytes).
    Removing main.o(.ARM.exidx.text.main), (8 bytes).
    Removing main.o(.ARM.use_no_argv), (4 bytes).
    Removing gnss.o(.text), (0 bytes).
    Removing gnss.o(.ARM.exidx.text.GET_GNSS_REG), (8 bytes).
    Removing gnss.o(.ARM.exidx.text.Get_GNSS_TIME), (8 bytes).
    Removing dadd.o(.text), (334 bytes).
    Removing dmul.o(.text), (228 bytes).
    Removing ddiv.o(.text), (222 bytes).
    Removing dfixul.o(.text), (48 bytes).
    Removing cdrcmple.o(.text), (48 bytes).
    Removing depilogue.o(.text), (186 bytes).

438 unused section(s) (total 19834 bytes) removed from the image.

==============================================================================

Image Symbol Table

    Local Symbols

    Symbol Name                              Value     Ov Type        Size  Object(Section)

    ../Lib/CMSIS/Device/Source/ARM/startup_ARMCM33.s 0x00000000   Number         0  startup_armcm33.o ABSOLUTE
    ../clib/division.s                       0x00000000   Number         0  aeabi_sdiv.o ABSOLUTE
    ../clib/microlib/division.c              0x00000000   Number         0  uidiv.o ABSOLUTE
    ../clib/microlib/division.c              0x00000000   Number         0  uldiv.o ABSOLUTE
    ../clib/microlib/init/entry.s            0x00000000   Number         0  entry.o ABSOLUTE
    ../clib/microlib/init/entry.s            0x00000000   Number         0  entry2.o ABSOLUTE
    ../clib/microlib/init/entry.s            0x00000000   Number         0  entry5.o ABSOLUTE
    ../clib/microlib/init/entry.s            0x00000000   Number         0  entry7a.o ABSOLUTE
    ../clib/microlib/init/entry.s            0x00000000   Number         0  entry7b.o ABSOLUTE
    ../clib/microlib/init/entry.s            0x00000000   Number         0  entry8a.o ABSOLUTE
    ../clib/microlib/init/entry.s            0x00000000   Number         0  entry8b.o ABSOLUTE
    ../clib/microlib/init/entry.s            0x00000000   Number         0  entry9a.o ABSOLUTE
    ../clib/microlib/init/entry.s            0x00000000   Number         0  entry9b.o ABSOLUTE
    ../clib/microlib/init/entry.s            0x00000000   Number         0  entry10a.o ABSOLUTE
    ../clib/microlib/init/entry.s            0x00000000   Number         0  entry10b.o ABSOLUTE
    ../clib/microlib/init/entry.s            0x00000000   Number         0  entry11a.o ABSOLUTE
    ../clib/microlib/init/entry.s            0x00000000   Number         0  entry11b.o ABSOLUTE
    ../clib/microlib/longlong.c              0x00000000   Number         0  llshl.o ABSOLUTE
    ../clib/microlib/longlong.c              0x00000000   Number         0  llushr.o ABSOLUTE
    ../clib/microlib/longlong.c              0x00000000   Number         0  llsshr.o ABSOLUTE
    ../clib/microlib/printf/printf.c         0x00000000   Number         0  printfb.o ABSOLUTE
    ../clib/microlib/printf/printf.c         0x00000000   Number         0  printf0.o ABSOLUTE
    ../clib/microlib/printf/printf.c         0x00000000   Number         0  printf1.o ABSOLUTE
    ../clib/microlib/printf/printf.c         0x00000000   Number         0  printf2.o ABSOLUTE
    ../clib/microlib/printf/printf.c         0x00000000   Number         0  printf3.o ABSOLUTE
    ../clib/microlib/printf/printf.c         0x00000000   Number         0  printf4.o ABSOLUTE
    ../clib/microlib/printf/printf.c         0x00000000   Number         0  printf5.o ABSOLUTE
    ../clib/microlib/printf/printf.c         0x00000000   Number         0  printf6.o ABSOLUTE
    ../clib/microlib/printf/printf.c         0x00000000   Number         0  printf7.o ABSOLUTE
    ../clib/microlib/printf/printf.c         0x00000000   Number         0  printf8.o ABSOLUTE
    ../clib/microlib/printf/printf.c         0x00000000   Number         0  printfa.o ABSOLUTE
    ../clib/microlib/printf/stubs.s          0x00000000   Number         0  printfstubs.o ABSOLUTE
    ../clib/microlib/stdio/putchar.c         0x00000000   Number         0  putchar.o ABSOLUTE
    ../clib/microlib/stdio/puts.c            0x00000000   Number         0  puts.o ABSOLUTE
    ../clib/microlib/stdio/puts.c            0x00000000   Number         0  puts_e.o ABSOLUTE
    ../clib/microlib/string/memcpy.c         0x00000000   Number         0  memcpya.o ABSOLUTE
    ../clib/microlib/string/memcpy.c         0x00000000   Number         0  memcpyb.o ABSOLUTE
    ../clib/microlib/stubs.s                 0x00000000   Number         0  iusefp.o ABSOLUTE
    ../fplib/microlib/fpadd.c                0x00000000   Number         0  dadd.o ABSOLUTE
    ../fplib/microlib/fpdiv.c                0x00000000   Number         0  ddiv.o ABSOLUTE
    ../fplib/microlib/fpepilogue.c           0x00000000   Number         0  depilogue.o ABSOLUTE
    ../fplib/microlib/fpfix.c                0x00000000   Number         0  dfixul.o ABSOLUTE
    ../fplib/microlib/fpmul.c                0x00000000   Number         0  dmul.o ABSOLUTE
    Dualtimer.c                              0x00000000   Number         0  dualtimer.o ABSOLUTE
    GNSS.c                                   0x00000000   Number         0  gnss.o ABSOLUTE
    STAR_adc.c                               0x00000000   Number         0  star_adc.o ABSOLUTE
    STAR_dma.c                               0x00000000   Number         0  star_dma.o ABSOLUTE
    STAR_dualtimer.c                         0x00000000   Number         0  star_dualtimer.o ABSOLUTE
    STAR_gpio.c                              0x00000000   Number         0  star_gpio.o ABSOLUTE
    STAR_i2c.c                               0x00000000   Number         0  star_i2c.o ABSOLUTE
    STAR_rcc.c                               0x00000000   Number         0  star_rcc.o ABSOLUTE
    STAR_retarget.c                          0x00000000   Number         0  star_retarget.o ABSOLUTE
    STAR_spi.c                               0x00000000   Number         0  star_spi.o ABSOLUTE
    STAR_timer.c                             0x00000000   Number         0  star_timer.o ABSOLUTE
    STAR_uart.c                              0x00000000   Number         0  star_uart.o ABSOLUTE
    STAR_watchdog.c                          0x00000000   Number         0  star_watchdog.o ABSOLUTE
    W5500.c                                  0x00000000   Number         0  w5500.o ABSOLUTE
    cdrcmple.s                               0x00000000   Number         0  cdrcmple.o ABSOLUTE
    dc.s                                     0x00000000   Number         0  dc.o ABSOLUTE
    dma.c                                    0x00000000   Number         0  dma.o ABSOLUTE
    extint.c                                 0x00000000   Number         0  extint.o ABSOLUTE
    gpio_interrupt.c                         0x00000000   Number         0  gpio_interrupt.o ABSOLUTE
    handlers.s                               0x00000000   Number         0  handlers.o ABSOLUTE
    init.s                                   0x00000000   Number         0  init.o ABSOLUTE
    io_spi.c                                 0x00000000   Number         0  io_spi.o ABSOLUTE
    main.c                                   0x00000000   Number         0  main.o ABSOLUTE
    misc.c                                   0x00000000   Number         0  misc.o ABSOLUTE
    system_ARMCM33.c                         0x00000000   Number         0  system_armcm33.o ABSOLUTE
    timer.c                                  0x00000000   Number         0  timer.o ABSOLUTE
    uart.c                                   0x00000000   Number         0  uart.o ABSOLUTE
    watchdog.c                               0x00000000   Number         0  watchdog.o ABSOLUTE
    RESET                                    0x00000000   Section     2204  startup_armcm33.o(RESET)
    .ARM.Collect$$$$00000000                 0x0000089c   Section        0  entry.o(.ARM.Collect$$$$00000000)
    .ARM.Collect$$$$00000001                 0x0000089c   Section        4  entry2.o(.ARM.Collect$$$$00000001)
    .ARM.Collect$$$$00000004                 0x000008a0   Section        4  entry5.o(.ARM.Collect$$$$00000004)
    .ARM.Collect$$$$00000008                 0x000008a4   Section        0  entry7b.o(.ARM.Collect$$$$00000008)
    .ARM.Collect$$$$0000000A                 0x000008a4   Section        0  entry8b.o(.ARM.Collect$$$$0000000A)
    .ARM.Collect$$$$0000000B                 0x000008a4   Section        8  entry9a.o(.ARM.Collect$$$$0000000B)
    __lit__00000000                          0x000008ac   Data           4  entry2.o(.ARM.Collect$$$$00002712)
    .ARM.Collect$$$$0000000D                 0x000008ac   Section        0  entry10a.o(.ARM.Collect$$$$0000000D)
    .ARM.Collect$$$$0000000F                 0x000008ac   Section        0  entry11a.o(.ARM.Collect$$$$0000000F)
    .ARM.Collect$$$$00002712                 0x000008ac   Section        4  entry2.o(.ARM.Collect$$$$00002712)
    $v0                                      0x000008b0   Number         0  startup_armcm33.o(.text)
    .text                                    0x000008b0   Section      208  startup_armcm33.o(.text)
    .text                                    0x00000980   Section        0  uldiv.o(.text)
    .text                                    0x000009e4   Section       36  init.o(.text)
    .text                                    0x00000a08   Section        0  llshl.o(.text)
    .text                                    0x00000a26   Section        0  llushr.o(.text)
    [Anonymous Symbol]                       0x00000a48   Section        0  star_dualtimer.o(.text.DTIM_ClearIT)
    [Anonymous Symbol]                       0x00000a6c   Section        0  star_dualtimer.o(.text.DTIM_Timer0MISValue)
    [Anonymous Symbol]                       0x00000a84   Section        0  dualtimer.o(.text.DUALTIMER0_Handler)
    [Anonymous Symbol]                       0x00000adc   Section        0  dualtimer.o(.text.DUALTIMER1_Handler)
    [Anonymous Symbol]                       0x00000b34   Section        0  extint.o(.text.EXT0_Handler)
    [Anonymous Symbol]                       0x00000b60   Section        0  extint.o(.text.EXT15_Handler)
    [Anonymous Symbol]                       0x00000b8c   Section        0  gnss.o(.text.GET_GNSS_REG)
    [Anonymous Symbol]                       0x00000b90   Section        0  star_gpio.o(.text.GPIO_DeInit)
    [Anonymous Symbol]                       0x00000bb4   Section        0  star_gpio.o(.text.GPIO_PinInterruptClearFlag)
    [Anonymous Symbol]                       0x00000bc4   Section        0  star_gpio.o(.text.GPIO_PinRemapConfig)
    [Anonymous Symbol]                       0x00000bd4   Section        0  star_gpio.o(.text.GPIO_ResetBit)
    [Anonymous Symbol]                       0x00000bec   Section        0  star_gpio.o(.text.GPIO_TogglePin)
    [Anonymous Symbol]                       0x00000c04   Section        0  gnss.o(.text.Get_GNSS_TIME)
    [Anonymous Symbol]                       0x00000c2c   Section        0  watchdog.o(.text.NMI_Handler)
    [Anonymous Symbol]                       0x00000c3c   Section        0  gpio_interrupt.o(.text.PORT0_4_Handler)
    [Anonymous Symbol]                       0x00000c5c   Section        0  star_rcc.o(.text.RCC_APB1PeriphResetCmd)
    [Anonymous Symbol]                       0x00000c74   Section        0  system_armcm33.o(.text.SystemInit)
    [Anonymous Symbol]                       0x00000ca4   Section        0  timer.o(.text.TIMER0_Handler)
    [Anonymous Symbol]                       0x00000cbc   Section        0  timer.o(.text.TIMER1_Handler)
    [Anonymous Symbol]                       0x00000cd8   Section        0  star_timer.o(.text.TIM_ClearIT)
    [Anonymous Symbol]                       0x00000ce4   Section        0  uart.o(.text.UART0_Handler)
    [Anonymous Symbol]                       0x00000d14   Section        0  uart.o(.text.UART1_Handler)
    [Anonymous Symbol]                       0x00000d44   Section        0  uart.o(.text.UART2_Handler)
    [Anonymous Symbol]                       0x00000d74   Section        0  star_uart.o(.text.UART_DeInit)
    [Anonymous Symbol]                       0x00000db4   Section        0  star_uart.o(.text.UART_GetITStatus)
    [Anonymous Symbol]                       0x00000dc4   Section        0  star_uart.o(.text.UART_ITCLEAR)
    [Anonymous Symbol]                       0x00000dcc   Section        0  star_uart.o(.text.UART_ITConfig)
    [Anonymous Symbol]                       0x00000ddc   Section        0  star_uart.o(.text.UART_Init)
    [Anonymous Symbol]                       0x00000df8   Section        0  star_uart.o(.text.UART_ReceiveData)
    [Anonymous Symbol]                       0x00000e04   Section        0  star_uart.o(.text.UART_SendData)
    [Anonymous Symbol]                       0x00000e10   Section        0  star_retarget.o(.text.UartPutc)
    __NVIC_ClearPendingIRQ                   0x00000e29   Thumb Code    32  extint.o(.text.__NVIC_ClearPendingIRQ)
    [Anonymous Symbol]                       0x00000e28   Section        0  extint.o(.text.__NVIC_ClearPendingIRQ)
    __NVIC_ClearPendingIRQ                   0x00000e49   Thumb Code    16  gpio_interrupt.o(.text.__NVIC_ClearPendingIRQ)
    [Anonymous Symbol]                       0x00000e48   Section        0  gpio_interrupt.o(.text.__NVIC_ClearPendingIRQ)
    __NVIC_ClearPendingIRQ                   0x00000e59   Thumb Code    14  uart.o(.text.__NVIC_ClearPendingIRQ)
    [Anonymous Symbol]                       0x00000e58   Section        0  uart.o(.text.__NVIC_ClearPendingIRQ)
    __NVIC_EnableIRQ                         0x00000e69   Thumb Code    14  uart.o(.text.__NVIC_EnableIRQ)
    [Anonymous Symbol]                       0x00000e68   Section        0  uart.o(.text.__NVIC_EnableIRQ)
    [Anonymous Symbol]                       0x00000e78   Section        0  star_retarget.o(.text.fputc)
    [Anonymous Symbol]                       0x00000e84   Section        0  main.o(.text.main)
    [Anonymous Symbol]                       0x00000ec4   Section        0  uart.o(.text.uart_init)
    uart_interrupt_init                      0x00000ecd   Thumb Code    24  uart.o(.text.uart_interrupt_init)
    [Anonymous Symbol]                       0x00000ecc   Section        0  uart.o(.text.uart_interrupt_init)
    uartx_init                               0x00000ee5   Thumb Code    66  uart.o(.text.uartx_init)
    [Anonymous Symbol]                       0x00000ee4   Section        0  uart.o(.text.uartx_init)
    i.__0printf$5                            0x00000f28   Section        0  printf5.o(i.__0printf$5)
    i.__scatterload_copy                     0x00000f48   Section       14  handlers.o(i.__scatterload_copy)
    i.__scatterload_null                     0x00000f56   Section        2  handlers.o(i.__scatterload_null)
    i.__scatterload_zeroinit                 0x00000f58   Section       14  handlers.o(i.__scatterload_zeroinit)
    _printf_core                             0x00000f69   Thumb Code   658  printf5.o(i._printf_core)
    i._printf_core                           0x00000f68   Section        0  printf5.o(i._printf_core)
    i.puts                                   0x00001228   Section        0  puts.o(i.puts)
    STACK                                    0x20000068   Section     3072  startup_armcm33.o(STACK)

    Global Symbols

    Symbol Name                              Value     Ov Type        Size  Object(Section)

    BuildAttributes$$THM_ISAv4$E$P$D$K$B$S$7EM$8M$VFPi5$EXTD16$VFPS$VFMA$PE$A:L22UL41UL21$X:L11$S22US41US21$IEEE1$IW$~IW$USESV6$~STKCKD$USESV7$~SHL$OTIME$ROPI$EBA8$MICROLIB$REQ8$PRES8$EABIv2 0x00000000   Number         0  anon$$obj.o ABSOLUTE
    __Vectors                                0x00000000   Data           4  startup_armcm33.o(RESET)
    _printf_a                                0x00000000   Number         0  printfstubs.o ABSOLUTE
    _printf_c                                0x00000000   Number         0  printfstubs.o ABSOLUTE
    _printf_charcount                        0x00000000   Number         0  printfstubs.o ABSOLUTE
    _printf_d                                0x00000000   Number         0  printfstubs.o ABSOLUTE
    _printf_e                                0x00000000   Number         0  printfstubs.o ABSOLUTE
    _printf_f                                0x00000000   Number         0  printfstubs.o ABSOLUTE
    _printf_flags                            0x00000000   Number         0  printfstubs.o ABSOLUTE
    _printf_fp_dec                           0x00000000   Number         0  printfstubs.o ABSOLUTE
    _printf_fp_hex                           0x00000000   Number         0  printfstubs.o ABSOLUTE
    _printf_g                                0x00000000   Number         0  printfstubs.o ABSOLUTE
    _printf_i                                0x00000000   Number         0  printfstubs.o ABSOLUTE
    _printf_int_dec                          0x00000000   Number         0  printfstubs.o ABSOLUTE
    _printf_l                                0x00000000   Number         0  printfstubs.o ABSOLUTE
    _printf_lc                               0x00000000   Number         0  printfstubs.o ABSOLUTE
    _printf_ll                               0x00000000   Number         0  printfstubs.o ABSOLUTE
    _printf_lld                              0x00000000   Number         0  printfstubs.o ABSOLUTE
    _printf_lli                              0x00000000   Number         0  printfstubs.o ABSOLUTE
    _printf_llo                              0x00000000   Number         0  printfstubs.o ABSOLUTE
    _printf_llu                              0x00000000   Number         0  printfstubs.o ABSOLUTE
    _printf_llx                              0x00000000   Number         0  printfstubs.o ABSOLUTE
    _printf_longlong_dec                     0x00000000   Number         0  printfstubs.o ABSOLUTE
    _printf_longlong_hex                     0x00000000   Number         0  printfstubs.o ABSOLUTE
    _printf_longlong_oct                     0x00000000   Number         0  printfstubs.o ABSOLUTE
    _printf_ls                               0x00000000   Number         0  printfstubs.o ABSOLUTE
    _printf_mbtowc                           0x00000000   Number         0  printfstubs.o ABSOLUTE
    _printf_n                                0x00000000   Number         0  printfstubs.o ABSOLUTE
    _printf_o                                0x00000000   Number         0  printfstubs.o ABSOLUTE
    _printf_p                                0x00000000   Number         0  printfstubs.o ABSOLUTE
    _printf_percent                          0x00000000   Number         0  printfstubs.o ABSOLUTE
    _printf_pre_padding                      0x00000000   Number         0  printfstubs.o ABSOLUTE
    _printf_return_value                     0x00000000   Number         0  printfstubs.o ABSOLUTE
    _printf_s                                0x00000000   Number         0  printfstubs.o ABSOLUTE
    _printf_sizespec                         0x00000000   Number         0  printfstubs.o ABSOLUTE
    _printf_str                              0x00000000   Number         0  printfstubs.o ABSOLUTE
    _printf_truncate_signed                  0x00000000   Number         0  printfstubs.o ABSOLUTE
    _printf_truncate_unsigned                0x00000000   Number         0  printfstubs.o ABSOLUTE
    _printf_u                                0x00000000   Number         0  printfstubs.o ABSOLUTE
    _printf_wc                               0x00000000   Number         0  printfstubs.o ABSOLUTE
    _printf_wctomb                           0x00000000   Number         0  printfstubs.o ABSOLUTE
    _printf_widthprec                        0x00000000   Number         0  printfstubs.o ABSOLUTE
    _printf_x                                0x00000000   Number         0  printfstubs.o ABSOLUTE
    __cpp_initialize__aeabi_                  - Undefined Weak Reference
    __cxa_finalize                            - Undefined Weak Reference
    __decompress                              - Undefined Weak Reference
    _clock_init                               - Undefined Weak Reference
    _microlib_exit                            - Undefined Weak Reference
    __Vectors_End                            0x0000089c   Data           0  startup_armcm33.o(RESET)
    __Vectors_Size                           0x0000089c   Number         0  startup_armcm33.o ABSOLUTE
    __main                                   0x0000089d   Thumb Code     0  entry.o(.ARM.Collect$$$$00000000)
    _main_stk                                0x0000089d   Thumb Code     0  entry2.o(.ARM.Collect$$$$00000001)
    _main_scatterload                        0x000008a1   Thumb Code     0  entry5.o(.ARM.Collect$$$$00000004)
    __main_after_scatterload                 0x000008a5   Thumb Code     0  entry5.o(.ARM.Collect$$$$00000004)
    _main_clock                              0x000008a5   Thumb Code     0  entry7b.o(.ARM.Collect$$$$00000008)
    _main_cpp_init                           0x000008a5   Thumb Code     0  entry8b.o(.ARM.Collect$$$$0000000A)
    _main_init                               0x000008a5   Thumb Code     0  entry9a.o(.ARM.Collect$$$$0000000B)
    __rt_final_cpp                           0x000008ad   Thumb Code     0  entry10a.o(.ARM.Collect$$$$0000000D)
    __rt_final_exit                          0x000008ad   Thumb Code     0  entry11a.o(.ARM.Collect$$$$0000000F)
    Reset_Handler                            0x000008b1   Thumb Code    14  startup_armcm33.o(.text)
    HardFault_Handler                        0x000008bf   Thumb Code     2  startup_armcm33.o(.text)
    MemManage_Handler                        0x000008c3   Thumb Code     2  startup_armcm33.o(.text)
    BusFault_Handler                         0x000008c5   Thumb Code     2  startup_armcm33.o(.text)
    UsageFault_Handler                       0x000008c7   Thumb Code     2  startup_armcm33.o(.text)
    SecureFault_Handler                      0x000008c9   Thumb Code     2  startup_armcm33.o(.text)
    SVC_Handler                              0x000008cb   Thumb Code     2  startup_armcm33.o(.text)
    DebugMon_Handler                         0x000008cd   Thumb Code     2  startup_armcm33.o(.text)
    PendSV_Handler                           0x000008cf   Thumb Code     2  startup_armcm33.o(.text)
    SysTick_Handler                          0x000008d1   Thumb Code     2  startup_armcm33.o(.text)
    ADC_Handler                              0x000008d5   Thumb Code     2  startup_armcm33.o(.text)
    DMACINTERR_Handler                       0x000008d9   Thumb Code     2  startup_armcm33.o(.text)
    DMACINTTC_Handler                        0x000008db   Thumb Code     2  startup_armcm33.o(.text)
    DMACINTR_Handler                         0x000008dd   Thumb Code     2  startup_armcm33.o(.text)
    PORT0_COMB_Handler                       0x000008df   Thumb Code     2  startup_armcm33.o(.text)
    ADC1_Handler                             0x000008e1   Thumb Code     2  startup_armcm33.o(.text)
    UARTOVF_Handler                          0x000008eb   Thumb Code     2  startup_armcm33.o(.text)
    EXT13_IRQn                               0x000008ed   Thumb Code     2  startup_armcm33.o(.text)
    EXT14_IRQn                               0x000008ef   Thumb Code     2  startup_armcm33.o(.text)
    EXT15_IRQn                               0x000008f1   Thumb Code     2  startup_armcm33.o(.text)
    PORT0_0_Handler                          0x000008f3   Thumb Code     2  startup_armcm33.o(.text)
    PORT0_1_Handler                          0x000008f5   Thumb Code     2  startup_armcm33.o(.text)
    PORT0_2_Handler                          0x000008f7   Thumb Code     2  startup_armcm33.o(.text)
    PORT0_3_Handler                          0x000008f9   Thumb Code     2  startup_armcm33.o(.text)
    PORT0_5_Handler                          0x000008fd   Thumb Code     2  startup_armcm33.o(.text)
    PORT0_6_Handler                          0x000008ff   Thumb Code     2  startup_armcm33.o(.text)
    PORT0_7_Handler                          0x00000901   Thumb Code     2  startup_armcm33.o(.text)
    PORT0_8_Handler                          0x00000903   Thumb Code     2  startup_armcm33.o(.text)
    PORT0_9_Handler                          0x00000905   Thumb Code     2  startup_armcm33.o(.text)
    PORT0_10_Handler                         0x00000907   Thumb Code     2  startup_armcm33.o(.text)
    PORT0_11_Handler                         0x00000909   Thumb Code     2  startup_armcm33.o(.text)
    PORT0_12_Handler                         0x0000090b   Thumb Code     2  startup_armcm33.o(.text)
    PORT0_13_Handler                         0x0000090d   Thumb Code     2  startup_armcm33.o(.text)
    PORT0_14_Handler                         0x0000090f   Thumb Code     2  startup_armcm33.o(.text)
    PORT0_15_Handler                         0x00000911   Thumb Code     2  startup_armcm33.o(.text)
    PORT0_16_Handler                         0x00000913   Thumb Code     2  startup_armcm33.o(.text)
    PORT0_17_Handler                         0x00000915   Thumb Code     2  startup_armcm33.o(.text)
    PORT0_18_Handler                         0x00000917   Thumb Code     2  startup_armcm33.o(.text)
    PORT0_19_Handler                         0x00000919   Thumb Code     2  startup_armcm33.o(.text)
    PORT0_20_Handler                         0x0000091b   Thumb Code     2  startup_armcm33.o(.text)
    PORT0_21_Handler                         0x0000091d   Thumb Code     2  startup_armcm33.o(.text)
    PORT0_22_Handler                         0x0000091f   Thumb Code     2  startup_armcm33.o(.text)
    PORT0_23_Handler                         0x00000921   Thumb Code     2  startup_armcm33.o(.text)
    PORT0_24_Handler                         0x00000923   Thumb Code     2  startup_armcm33.o(.text)
    PORT0_25_Handler                         0x00000925   Thumb Code     2  startup_armcm33.o(.text)
    PORT0_26_Handler                         0x00000927   Thumb Code     2  startup_armcm33.o(.text)
    PORT0_27_Handler                         0x00000929   Thumb Code     2  startup_armcm33.o(.text)
    PORT0_28_Handler                         0x0000092b   Thumb Code     2  startup_armcm33.o(.text)
    PORT0_29_Handler                         0x0000092d   Thumb Code     2  startup_armcm33.o(.text)
    PORT0_30_Handler                         0x0000092f   Thumb Code     2  startup_armcm33.o(.text)
    PORT0_31_Handler                         0x00000931   Thumb Code     2  startup_armcm33.o(.text)
    I2C_Handler                              0x00000933   Thumb Code     2  startup_armcm33.o(.text)
    MPS2_SSP0_Handler                        0x00000935   Thumb Code     2  startup_armcm33.o(.text)
    MPS2_SSP1_Handler                        0x00000937   Thumb Code     2  startup_armcm33.o(.text)
    Spare51_Handler                          0x00000939   Thumb Code     2  startup_armcm33.o(.text)
    Spare52_Handler                          0x0000093b   Thumb Code     2  startup_armcm33.o(.text)
    Spare53_Handler                          0x0000093d   Thumb Code     2  startup_armcm33.o(.text)
    Spare54_Handler                          0x0000093f   Thumb Code     2  startup_armcm33.o(.text)
    Spare55_Handler                          0x00000941   Thumb Code     2  startup_armcm33.o(.text)
    Spare56_Handler                          0x00000943   Thumb Code     2  startup_armcm33.o(.text)
    Spare57_Handler                          0x00000945   Thumb Code     2  startup_armcm33.o(.text)
    Spare58_Handler                          0x00000947   Thumb Code     2  startup_armcm33.o(.text)
    Spare59_Handler                          0x00000949   Thumb Code     2  startup_armcm33.o(.text)
    Spare60_Handler                          0x0000094b   Thumb Code     2  startup_armcm33.o(.text)
    Spare61_Handler                          0x0000094d   Thumb Code     2  startup_armcm33.o(.text)
    Spare62_Handler                          0x0000094f   Thumb Code     2  startup_armcm33.o(.text)
    Spare63_Handler                          0x00000951   Thumb Code     2  startup_armcm33.o(.text)
    EXT1_Handler                             0x00000955   Thumb Code     2  startup_armcm33.o(.text)
    EXT2_Handler                             0x00000957   Thumb Code     2  startup_armcm33.o(.text)
    EXT3_Handler                             0x00000959   Thumb Code     2  startup_armcm33.o(.text)
    EXT4_Handler                             0x0000095b   Thumb Code     2  startup_armcm33.o(.text)
    EXT5_Handler                             0x0000095d   Thumb Code     2  startup_armcm33.o(.text)
    EXT6_Handler                             0x0000095f   Thumb Code     2  startup_armcm33.o(.text)
    EXT7_Handler                             0x00000961   Thumb Code     2  startup_armcm33.o(.text)
    EXT8_Handler                             0x00000963   Thumb Code     2  startup_armcm33.o(.text)
    EXT9_Handler                             0x00000965   Thumb Code     2  startup_armcm33.o(.text)
    EXT10_Handler                            0x00000967   Thumb Code     2  startup_armcm33.o(.text)
    EXT11_Handler                            0x00000969   Thumb Code     2  startup_armcm33.o(.text)
    EXT12_Handler                            0x0000096b   Thumb Code     2  startup_armcm33.o(.text)
    EXT13_Handler                            0x0000096d   Thumb Code     2  startup_armcm33.o(.text)
    EXT14_Handler                            0x0000096f   Thumb Code     2  startup_armcm33.o(.text)
    __aeabi_uldivmod                         0x00000981   Thumb Code    98  uldiv.o(.text)
    __scatterload                            0x000009e5   Thumb Code    28  init.o(.text)
    __scatterload_rt2                        0x000009e5   Thumb Code     0  init.o(.text)
    __aeabi_llsl                             0x00000a09   Thumb Code    30  llshl.o(.text)
    _ll_shift_l                              0x00000a09   Thumb Code     0  llshl.o(.text)
    __aeabi_llsr                             0x00000a27   Thumb Code    32  llushr.o(.text)
    _ll_ushift_r                             0x00000a27   Thumb Code     0  llushr.o(.text)
    DTIM_ClearIT                             0x00000a49   Thumb Code    36  star_dualtimer.o(.text.DTIM_ClearIT)
    DTIM_Timer0MISValue                      0x00000a6d   Thumb Code    24  star_dualtimer.o(.text.DTIM_Timer0MISValue)
    DUALTIMER0_Handler                       0x00000a85   Thumb Code    86  dualtimer.o(.text.DUALTIMER0_Handler)
    DUALTIMER1_Handler                       0x00000add   Thumb Code    86  dualtimer.o(.text.DUALTIMER1_Handler)
    EXT0_Handler                             0x00000b35   Thumb Code    28  extint.o(.text.EXT0_Handler)
    EXT15_Handler                            0x00000b61   Thumb Code    28  extint.o(.text.EXT15_Handler)
    GET_GNSS_REG                             0x00000b8d   Thumb Code     4  gnss.o(.text.GET_GNSS_REG)
    GPIO_DeInit                              0x00000b91   Thumb Code    34  star_gpio.o(.text.GPIO_DeInit)
    GPIO_PinInterruptClearFlag               0x00000bb5   Thumb Code    14  star_gpio.o(.text.GPIO_PinInterruptClearFlag)
    GPIO_PinRemapConfig                      0x00000bc5   Thumb Code    14  star_gpio.o(.text.GPIO_PinRemapConfig)
    GPIO_ResetBit                            0x00000bd5   Thumb Code    24  star_gpio.o(.text.GPIO_ResetBit)
    GPIO_TogglePin                           0x00000bed   Thumb Code    22  star_gpio.o(.text.GPIO_TogglePin)
    Get_GNSS_TIME                            0x00000c05   Thumb Code    38  gnss.o(.text.Get_GNSS_TIME)
    NMI_Handler                              0x00000c2d   Thumb Code    16  watchdog.o(.text.NMI_Handler)
    PORT0_4_Handler                          0x00000c3d   Thumb Code    30  gpio_interrupt.o(.text.PORT0_4_Handler)
    RCC_APB1PeriphResetCmd                   0x00000c5d   Thumb Code    24  star_rcc.o(.text.RCC_APB1PeriphResetCmd)
    SystemInit                               0x00000c75   Thumb Code    48  system_armcm33.o(.text.SystemInit)
    TIMER0_Handler                           0x00000ca5   Thumb Code    24  timer.o(.text.TIMER0_Handler)
    TIMER1_Handler                           0x00000cbd   Thumb Code    28  timer.o(.text.TIMER1_Handler)
    TIM_ClearIT                              0x00000cd9   Thumb Code    10  star_timer.o(.text.TIM_ClearIT)
    UART0_Handler                            0x00000ce5   Thumb Code    46  uart.o(.text.UART0_Handler)
    UART1_Handler                            0x00000d15   Thumb Code    46  uart.o(.text.UART1_Handler)
    UART2_Handler                            0x00000d45   Thumb Code    46  uart.o(.text.UART2_Handler)
    UART_DeInit                              0x00000d75   Thumb Code    64  star_uart.o(.text.UART_DeInit)
    UART_GetITStatus                         0x00000db5   Thumb Code    14  star_uart.o(.text.UART_GetITStatus)
    UART_ITCLEAR                             0x00000dc5   Thumb Code     8  star_uart.o(.text.UART_ITCLEAR)
    UART_ITConfig                            0x00000dcd   Thumb Code    16  star_uart.o(.text.UART_ITConfig)
    UART_Init                                0x00000ddd   Thumb Code    26  star_uart.o(.text.UART_Init)
    UART_ReceiveData                         0x00000df9   Thumb Code    12  star_uart.o(.text.UART_ReceiveData)
    UART_SendData                            0x00000e05   Thumb Code    10  star_uart.o(.text.UART_SendData)
    UartPutc                                 0x00000e11   Thumb Code    22  star_retarget.o(.text.UartPutc)
    fputc                                    0x00000e79   Thumb Code    10  star_retarget.o(.text.fputc)
    main                                     0x00000e85   Thumb Code    48  main.o(.text.main)
    uart_init                                0x00000ec5   Thumb Code     8  uart.o(.text.uart_init)
    __0printf$5                              0x00000f29   Thumb Code    22  printf5.o(i.__0printf$5)
    __1printf$5                              0x00000f29   Thumb Code     0  printf5.o(i.__0printf$5)
    __2printf                                0x00000f29   Thumb Code     0  printf5.o(i.__0printf$5)
    __scatterload_copy                       0x00000f49   Thumb Code    14  handlers.o(i.__scatterload_copy)
    __scatterload_null                       0x00000f57   Thumb Code     2  handlers.o(i.__scatterload_null)
    __scatterload_zeroinit                   0x00000f59   Thumb Code    14  handlers.o(i.__scatterload_zeroinit)
    puts                                     0x00001229   Thumb Code    30  puts.o(i.puts)
    Region$$Table$$Base                      0x0000124c   Number         0  anon$$obj.o(Region$$Table)
    Region$$Table$$Limit                     0x0000126c   Number         0  anon$$obj.o(Region$$Table)
    PCLK                                     0x20000000   Data           4  system_armcm33.o(.data.PCLK)
    SystemCoreClock                          0x20000004   Data           4  system_armcm33.o(.data.SystemCoreClock)
    GNSS_Data                                0x20000008   Data          12  main.o(.bss.GNSS_Data)
    __stdout                                 0x20000014   Data          84  star_retarget.o(.bss.__stdout)
    __stack_limit                            0x20000068   Data           0  startup_armcm33.o(STACK)
    __initial_sp                             0x20000c68   Data           0  startup_armcm33.o(STACK)



==============================================================================

Memory Map of the image

  Image Entry point : 0x0000089d

  Load Region LR_IROM1 (Base: 0x00000000, Size: 0x00001278, Max: 0x00040000, ABSOLUTE)

    Execution Region ER_IROM1 (Exec base: 0x00000000, Load base: 0x00000000, Size: 0x0000126c, Max: 0x00040000, ABSOLUTE)

    Exec Addr    Load Addr    Size         Type   Attr      Idx    E Section Name        Object

    0x00000000   0x00000000   0x0000089c   Data   RO            3    RESET               startup_armcm33.o
    0x0000089c   0x0000089c   0x00000000   Code   RO          650  * .ARM.Collect$$$$00000000  mc_w.l(entry.o)
    0x0000089c   0x0000089c   0x00000004   Code   RO          924    .ARM.Collect$$$$00000001  mc_w.l(entry2.o)
    0x000008a0   0x000008a0   0x00000004   Code   RO          927    .ARM.Collect$$$$00000004  mc_w.l(entry5.o)
    0x000008a4   0x000008a4   0x00000000   Code   RO          929    .ARM.Collect$$$$00000008  mc_w.l(entry7b.o)
    0x000008a4   0x000008a4   0x00000000   Code   RO          931    .ARM.Collect$$$$0000000A  mc_w.l(entry8b.o)
    0x000008a4   0x000008a4   0x00000008   Code   RO          932    .ARM.Collect$$$$0000000B  mc_w.l(entry9a.o)
    0x000008ac   0x000008ac   0x00000000   Code   RO          934    .ARM.Collect$$$$0000000D  mc_w.l(entry10a.o)
    0x000008ac   0x000008ac   0x00000000   Code   RO          936    .ARM.Collect$$$$0000000F  mc_w.l(entry11a.o)
    0x000008ac   0x000008ac   0x00000004   Code   RO          925    .ARM.Collect$$$$00002712  mc_w.l(entry2.o)
    0x000008b0   0x000008b0   0x000000d0   Code   RO            4    .text               startup_armcm33.o
    0x00000980   0x00000980   0x00000062   Code   RO          949    .text               mc_w.l(uldiv.o)
    0x000009e2   0x000009e2   0x00000002   PAD
    0x000009e4   0x000009e4   0x00000024   Code   RO          962    .text               mc_w.l(init.o)
    0x00000a08   0x00000a08   0x0000001e   Code   RO          964    .text               mc_w.l(llshl.o)
    0x00000a26   0x00000a26   0x00000020   Code   RO          966    .text               mc_w.l(llushr.o)
    0x00000a46   0x00000a46   0x00000002   PAD
    0x00000a48   0x00000a48   0x00000024   Code   RO          109    .text.DTIM_ClearIT  star_dualtimer.o
    0x00000a6c   0x00000a6c   0x00000018   Code   RO          115    .text.DTIM_Timer0MISValue  star_dualtimer.o
    0x00000a84   0x00000a84   0x00000056   Code   RO          397    .text.DUALTIMER0_Handler  dualtimer.o
    0x00000ada   0x00000ada   0x00000002   PAD
    0x00000adc   0x00000adc   0x00000056   Code   RO          399    .text.DUALTIMER1_Handler  dualtimer.o
    0x00000b32   0x00000b32   0x00000002   PAD
    0x00000b34   0x00000b34   0x0000002c   Code   RO          417    .text.EXT0_Handler  extint.o
    0x00000b60   0x00000b60   0x0000002c   Code   RO          419    .text.EXT15_Handler  extint.o
    0x00000b8c   0x00000b8c   0x00000004   Code   RO          639    .text.GET_GNSS_REG  gnss.o
    0x00000b90   0x00000b90   0x00000022   Code   RO          125    .text.GPIO_DeInit   star_gpio.o
    0x00000bb2   0x00000bb2   0x00000002   PAD
    0x00000bb4   0x00000bb4   0x0000000e   Code   RO          141    .text.GPIO_PinInterruptClearFlag  star_gpio.o
    0x00000bc2   0x00000bc2   0x00000002   PAD
    0x00000bc4   0x00000bc4   0x0000000e   Code   RO          137    .text.GPIO_PinRemapConfig  star_gpio.o
    0x00000bd2   0x00000bd2   0x00000002   PAD
    0x00000bd4   0x00000bd4   0x00000018   Code   RO          131    .text.GPIO_ResetBit  star_gpio.o
    0x00000bec   0x00000bec   0x00000016   Code   RO          135    .text.GPIO_TogglePin  star_gpio.o
    0x00000c02   0x00000c02   0x00000002   PAD
    0x00000c04   0x00000c04   0x00000026   Code   RO          641    .text.Get_GNSS_TIME  gnss.o
    0x00000c2a   0x00000c2a   0x00000002   PAD
    0x00000c2c   0x00000c2c   0x00000010   Code   RO          507    .text.NMI_Handler   watchdog.o
    0x00000c3c   0x00000c3c   0x0000001e   Code   RO          437    .text.PORT0_4_Handler  gpio_interrupt.o
    0x00000c5a   0x00000c5a   0x00000002   PAD
    0x00000c5c   0x00000c5c   0x00000018   Code   RO          205    .text.RCC_APB1PeriphResetCmd  star_rcc.o
    0x00000c74   0x00000c74   0x00000030   Code   RO          352    .text.SystemInit    system_armcm33.o
    0x00000ca4   0x00000ca4   0x00000018   Code   RO          465    .text.TIMER0_Handler  timer.o
    0x00000cbc   0x00000cbc   0x0000001c   Code   RO          467    .text.TIMER1_Handler  timer.o
    0x00000cd8   0x00000cd8   0x0000000a   Code   RO          292    .text.TIM_ClearIT   star_timer.o
    0x00000ce2   0x00000ce2   0x00000002   PAD
    0x00000ce4   0x00000ce4   0x0000002e   Code   RO          485    .text.UART0_Handler  uart.o
    0x00000d12   0x00000d12   0x00000002   PAD
    0x00000d14   0x00000d14   0x0000002e   Code   RO          487    .text.UART1_Handler  uart.o
    0x00000d42   0x00000d42   0x00000002   PAD
    0x00000d44   0x00000d44   0x0000002e   Code   RO          489    .text.UART2_Handler  uart.o
    0x00000d72   0x00000d72   0x00000002   PAD
    0x00000d74   0x00000d74   0x00000040   Code   RO          302    .text.UART_DeInit   star_uart.o
    0x00000db4   0x00000db4   0x0000000e   Code   RO          310    .text.UART_GetITStatus  star_uart.o
    0x00000dc2   0x00000dc2   0x00000002   PAD
    0x00000dc4   0x00000dc4   0x00000008   Code   RO          308    .text.UART_ITCLEAR  star_uart.o
    0x00000dcc   0x00000dcc   0x00000010   Code   RO          306    .text.UART_ITConfig  star_uart.o
    0x00000ddc   0x00000ddc   0x0000001a   Code   RO          304    .text.UART_Init     star_uart.o
    0x00000df6   0x00000df6   0x00000002   PAD
    0x00000df8   0x00000df8   0x0000000c   Code   RO          316    .text.UART_ReceiveData  star_uart.o
    0x00000e04   0x00000e04   0x0000000a   Code   RO          314    .text.UART_SendData  star_uart.o
    0x00000e0e   0x00000e0e   0x00000002   PAD
    0x00000e10   0x00000e10   0x00000016   Code   RO          216    .text.UartPutc      star_retarget.o
    0x00000e26   0x00000e26   0x00000002   PAD
    0x00000e28   0x00000e28   0x00000020   Code   RO          411    .text.__NVIC_ClearPendingIRQ  extint.o
    0x00000e48   0x00000e48   0x00000010   Code   RO          433    .text.__NVIC_ClearPendingIRQ  gpio_interrupt.o
    0x00000e58   0x00000e58   0x0000000e   Code   RO          493    .text.__NVIC_ClearPendingIRQ  uart.o
    0x00000e66   0x00000e66   0x00000002   PAD
    0x00000e68   0x00000e68   0x0000000e   Code   RO          495    .text.__NVIC_EnableIRQ  uart.o
    0x00000e76   0x00000e76   0x00000002   PAD
    0x00000e78   0x00000e78   0x0000000a   Code   RO          214    .text.fputc         star_retarget.o
    0x00000e82   0x00000e82   0x00000002   PAD
    0x00000e84   0x00000e84   0x00000040   Code   RO          628    .text.main          main.o
    0x00000ec4   0x00000ec4   0x00000008   Code   RO          481    .text.uart_init     uart.o
    0x00000ecc   0x00000ecc   0x00000018   Code   RO          491    .text.uart_interrupt_init  uart.o
    0x00000ee4   0x00000ee4   0x00000042   Code   RO          483    .text.uartx_init    uart.o
    0x00000f26   0x00000f26   0x00000002   PAD
    0x00000f28   0x00000f28   0x00000020   Code   RO          796    i.__0printf$5       mc_w.l(printf5.o)
    0x00000f48   0x00000f48   0x0000000e   Code   RO          974    i.__scatterload_copy  mc_w.l(handlers.o)
    0x00000f56   0x00000f56   0x00000002   Code   RO          975    i.__scatterload_null  mc_w.l(handlers.o)
    0x00000f58   0x00000f58   0x0000000e   Code   RO          976    i.__scatterload_zeroinit  mc_w.l(handlers.o)
    0x00000f66   0x00000f66   0x00000002   PAD
    0x00000f68   0x00000f68   0x000002c0   Code   RO          803    i._printf_core      mc_w.l(printf5.o)
    0x00001228   0x00001228   0x00000024   Code   RO          653    i.puts              mc_w.l(puts.o)
    0x0000124c   0x0000124c   0x00000020   Data   RO          973    Region$$Table       anon$$obj.o


    Execution Region RW_IRAM1 (Exec base: 0x20000000, Load base: 0x00001270, Size: 0x00000c68, Max: 0x00010000, ABSOLUTE)

    Exec Addr    Load Addr    Size         Type   Attr      Idx    E Section Name        Object

    0x20000000   0x00001270   0x00000004   Data   RW          356    .data.PCLK          system_armcm33.o
    0x20000004   0x00001274   0x00000004   Data   RW          354    .data.SystemCoreClock  system_armcm33.o
    0x20000008        -       0x0000000c   Zero   RW          630    .bss.GNSS_Data      main.o
    0x20000014        -       0x00000054   Zero   RW          222    .bss.__stdout       star_retarget.o
    0x20000068        -       0x00000c00   Zero   RW            1    STACK               startup_armcm33.o


==============================================================================

Image component sizes


      Code (inc. data)   RO Data    RW Data    ZI Data      Debug   Object Name

       172          0          0          0          0       4616   dualtimer.o
       120         32          0          0          0       4402   extint.o
        42          0          0          0          0        806   gnss.o
        46          0          0          0          0       3893   gpio_interrupt.o
        64         16          0          0         12       1494   main.o
        60          0          0          0          0       4307   star_dualtimer.o
       108          0          0          0          0       3910   star_gpio.o
        24          0          0          0          0        985   star_rcc.o
        32          0          0          0         84       1755   star_retarget.o
        10          0          0          0          0       2188   star_timer.o
       150          0          0          0          0       2749   star_uart.o
       208         12       2204          0       3072       4152   startup_armcm33.o
        48          0          0          8          0       2088   system_armcm33.o
        52          0          0          0          0       4351   timer.o
       264          0          0          0          0       4850   uart.o
        16          0          0          0          0       2112   watchdog.o

    ----------------------------------------------------------------------
      1456         60       2236          8       3168      48658   Object Totals
         0          0         32          0          0          0   (incl. Generated)
        40          0          0          0          0          0   (incl. Padding)

    ----------------------------------------------------------------------

      Code (inc. data)   RO Data    RW Data    ZI Data      Debug   Library Member Name

         0          0          0          0          0          0   entry.o
         0          0          0          0          0          0   entry10a.o
         0          0          0          0          0          0   entry11a.o
         8          4          0          0          0          0   entry2.o
         4          0          0          0          0          0   entry5.o
         0          0          0          0          0          0   entry7b.o
         0          0          0          0          0          0   entry8b.o
         8          4          0          0          0          0   entry9a.o
        30          0          0          0          0          0   handlers.o
        36          8          0          0          0         68   init.o
        30          0          0          0          0         68   llshl.o
        32          0          0          0          0         68   llushr.o
       736         56          0          0          0        184   printf5.o
        36          6          0          0          0         80   puts.o
        98          0          0          0          0         92   uldiv.o

    ----------------------------------------------------------------------
      1024         78          0          0          0        560   Library Totals
         6          0          0          0          0          0   (incl. Padding)

    ----------------------------------------------------------------------

      Code (inc. data)   RO Data    RW Data    ZI Data      Debug   Library Name

      1018         78          0          0          0        560   mc_w.l

    ----------------------------------------------------------------------
      1024         78          0          0          0        560   Library Totals

    ----------------------------------------------------------------------

==============================================================================


      Code (inc. data)   RO Data    RW Data    ZI Data      Debug   

      2480        138       2236          8       3168      48934   Grand Totals
      2480        138       2236          8       3168      48934   ELF Image Totals
      2480        138       2236          8          0          0   ROM Totals

==============================================================================

    Total RO  Size (Code + RO Data)                 4716 (   4.61kB)
    Total RW  Size (RW Data + ZI Data)              3176 (   3.10kB)
    Total ROM Size (Code + RO Data + RW Data)       4724 (   4.61kB)

==============================================================================

